Filesystem volume name:   <none>
Last mounted on:          /mnt/linux_partition
Filesystem UUID:          4021d3ac-2d89-4f83-a171-7fc98d05ba72
Filesystem magic number:  0xEF53
Filesystem revision #:    1 (dynamic)
Filesystem features:      has_journal ext_attr resize_inode dir_index filetype extent 64bit flex_bg sparse_super large_file huge_file dir_nlink extra_isize metadata_csum
Filesystem flags:         signed_directory_hash 
Default mount options:    user_xattr acl
Filesystem state:         clean
Errors behavior:          Continue
Filesystem OS type:       Linux
Inode count:              1409024
Block count:              5635072
Reserved block count:     281753
Overhead clusters:        132484
Free blocks:              3162837
Free inodes:              1210355
First block:              0
Block size:               4096
Fragment size:            4096
Group descriptor size:    64
Reserved GDT blocks:      1024
Blocks per group:         32768
Fragments per group:      32768
Inodes per group:         8192
Inode blocks per group:   512
Flex block group size:    16
Filesystem created:       Sat Jul  2 16:40:45 2022
Last mount time:          Fri Jun 28 15:04:02 2024
Last write time:          Fri Jun 28 15:04:02 2024
Mount count:              10
Maximum mount count:      -1
Last checked:             Sat Jul  2 16:40:45 2022
Check interval:           0 (<none>)
Lifetime writes:          17 GB
Reserved blocks uid:      0 (user root)
Reserved blocks gid:      0 (group root)
First inode:              11
Inode size:	          256
Required extra isize:     32
Desired extra isize:      32
Journal inode:            8
Default directory hash:   half_md4
Directory Hash Seed:      1ed06878-fe82-41c7-9dcc-a5038f4eeea4
Journal backup:           inode blocks
Checksum type:            crc32c
Checksum:                 0x64b3f268
Journal features:         journal_incompat_revoke journal_64bit journal_checksum_v3
Total journal size:       128M
Total journal blocks:     32768
Max transaction length:   32768
Fast commit length:       0
Journal sequence:         0x00005c37
Journal start:            0
Journal checksum type:    crc32c
Journal checksum:         0xec81bc25


Group 0: (Blocks 0-32767) csum 0x5a85 [ITABLE_ZEROED]
  Primary superblock at 0, Group descriptors at 1-3
  Reserved GDT blocks at 4-1027
  Block bitmap at 1028 (+1028), csum 0xae6c730f
  Inode bitmap at 1044 (+1044), csum 0x1626db63
  Inode table at 1060-1571 (+1060)
  21082 free blocks, 8174 free inodes, 2 directories, 8174 unused inodes
  Free blocks: 11686-32767
  Free inodes: 19-8192
Group 1: (Blocks 32768-65535) csum 0xb5bd [INODE_UNINIT, ITABLE_ZEROED]
  Backup superblock at 32768, Group descriptors at 32769-32771
  Reserved GDT blocks at 32772-33795
  Block bitmap at 1029 (bg #0 + 1029), csum 0x31e35ba9
  Inode bitmap at 1045 (bg #0 + 1045), csum 0x00000000
  Inode table at 1572-2083 (bg #0 + 1572)
  1019 free blocks, 8192 free inodes, 0 directories, 8192 unused inodes
  Free blocks: 33796-33805, 33807-34815
  Free inodes: 8193-16384
Group 2: (Blocks 65536-98303) csum 0x955d [INODE_UNINIT, ITABLE_ZEROED]
  Block bitmap at 1030 (bg #0 + 1030), csum 0x47c74365
  Inode bitmap at 1046 (bg #0 + 1046), csum 0x00000000
  Inode table at 2084-2595 (bg #0 + 2084)
  0 free blocks, 8192 free inodes, 0 directories, 8192 unused inodes
  Free blocks: 
  Free inodes: 16385-24576
Group 3: (Blocks 98304-131071) csum 0xf92c [INODE_UNINIT, ITABLE_ZEROED]
  Backup superblock at 98304, Group descriptors at 98305-98307
  Reserved GDT blocks at 98308-99331
  Block bitmap at 1031 (bg #0 + 1031), csum 0x2ab40dac
  Inode bitmap at 1047 (bg #0 + 1047), csum 0x00000000
  Inode table at 2596-3107 (bg #0 + 2596)
  1020 free blocks, 8192 free inodes, 0 directories, 8192 unused inodes
  Free blocks: 99332-100351
  Free inodes: 24577-32768
Group 4: (Blocks 131072-163839) csum 0x38ba [INODE_UNINIT, ITABLE_ZEROED]
  Block bitmap at 1032 (bg #0 + 1032), csum 0x47c74365
  Inode bitmap at 1048 (bg #0 + 1048), csum 0x00000000
  Inode table at 3108-3619 (bg #0 + 3108)
  0 free blocks, 8192 free inodes, 0 directories, 8192 unused inodes
  Free blocks: 
  Free inodes: 32769-40960
Group 5: (Blocks 163840-196607) csum 0x54cb [INODE_UNINIT, ITABLE_ZEROED]
  Backup superblock at 163840, Group descriptors at 163841-163843
  Reserved GDT blocks at 163844-164867
  Block bitmap at 1033 (bg #0 + 1033), csum 0x2ab40dac
  Inode bitmap at 1049 (bg #0 + 1049), csum 0x00000000
  Inode table at 3620-4131 (bg #0 + 3620)
  1020 free blocks, 8192 free inodes, 0 directories, 8192 unused inodes
  Free blocks: 164868-165887
  Free inodes: 40961-49152
Group 6: (Blocks 196608-229375) csum 0x7da6 [INODE_UNINIT, ITABLE_ZEROED]
  Block bitmap at 1034 (bg #0 + 1034), csum 0x47c74365
  Inode bitmap at 1050 (bg #0 + 1050), csum 0x00000000
  Inode table at 4132-4643 (bg #0 + 4132)
  0 free blocks, 8192 free inodes, 0 directories, 8192 unused inodes
  Free blocks: 
  Free inodes: 49153-57344
Group 7: (Blocks 229376-262143) csum 0x11d7 [INODE_UNINIT, ITABLE_ZEROED]
  Backup superblock at 229376, Group descriptors at 229377-229379
  Reserved GDT blocks at 229380-230403
  Block bitmap at 1035 (bg #0 + 1035), csum 0x2ab40dac
  Inode bitmap at 1051 (bg #0 + 1051), csum 0x00000000
  Inode table at 4644-5155 (bg #0 + 4644)
  1020 free blocks, 8192 free inodes, 0 directories, 8192 unused inodes
  Free blocks: 230404-231423
  Free inodes: 57345-65536
Group 8: (Blocks 262144-294911) csum 0xab51 [INODE_UNINIT, ITABLE_ZEROED]
  Block bitmap at 1036 (bg #0 + 1036), csum 0x47c74365
  Inode bitmap at 1052 (bg #0 + 1052), csum 0x00000000
  Inode table at 5156-5667 (bg #0 + 5156)
  0 free blocks, 8192 free inodes, 0 directories, 8192 unused inodes
  Free blocks: 
  Free inodes: 65537-73728
Group 9: (Blocks 294912-327679) csum 0x07ae [INODE_UNINIT, ITABLE_ZEROED]
  Backup superblock at 294912, Group descriptors at 294913-294915
  Reserved GDT blocks at 294916-295939
  Block bitmap at 1037 (bg #0 + 1037), csum 0x3b0e728a
  Inode bitmap at 1053 (bg #0 + 1053), csum 0x00000000
  Inode table at 5668-6179 (bg #0 + 5668)
  11155 free blocks, 8192 free inodes, 0 directories, 8192 unused inodes
  Free blocks: 296402-296767, 296818-296959, 303845-303871, 303950-303999, 304033-304063, 304115-304607, 304627-304639, 304785-304799, 304817-305151, 308319-308575, 308606-308703, 308732-308735, 309117-309183, 309241-309247, 309371-309759, 310092-310111, 310138-310655, 310737-310751, 310992-311007, 311032-311039, 311202-311231, 311291-311615, 311649-311679, 311725-311743, 311803-311807, 312554-312575, 312721-312735, 312762-313343, 315392-315903, 316604-316607, 316644-316671, 316770-316799, 316884-316927, 317264-317279, 317311, 317424-317439, 317978-318015, 318054-318079, 318153-318207, 318422-321471, 321516-321535, 323360-323391, 323429-323455, 323530-325503, 325626-325631, 326068-326079, 326125-327167, 327359-327679
  Free inodes: 73729-81920
Group 10: (Blocks 327680-360447) csum 0x60f8 [INODE_UNINIT, ITABLE_ZEROED]
  Block bitmap at 1038 (bg #0 + 1038), csum 0xe26d1ab7
  Inode bitmap at 1054 (bg #0 + 1054), csum 0x00000000
  Inode table at 6180-6691 (bg #0 + 6180)
  8440 free blocks, 8192 free inodes, 0 directories, 8192 unused inodes
  Free blocks: 329493-329503, 329522-329535, 329581-329695, 329719-329823, 329853-329855, 329915-329919, 329978-329983, 330020-330047, 330091-330239, 330310-330335, 330357-330367, 330445-330495, 330550-330559, 330588-330591, 330617-330623, 330718-330719, 330749-331423, 331454-331455, 331504-331519, 331682-331711, 331769-331775, 331931-331935, 331956-332031, 332194-332287, 332467-332543, 332725-332799, 333094-333183, 333268-333311, 333610-333823, 333959-333983, 334001-334079, 334239, 334262-334335, 334621-334847, 335079-335103, 335260-335359, 336061-336383, 336705-336895, 339651-339967, 340661-340991, 341692-342015, 342685-343039, 343711-344063, 350871-351231, 351903-352255, 352938-353279, 353681-353791, 354428-354815, 355500-355839, 356532-358399
  Free inodes: 81921-90112
Group 11: (Blocks 360448-393215) csum 0x4942 [INODE_UNINIT, ITABLE_ZEROED]
  Block bitmap at 1039 (bg #0 + 1039), csum 0x105f8df2
  Inode bitmap at 1055 (bg #0 + 1055), csum 0x00000000
  Inode table at 6692-7203 (bg #0 + 6692)
  2740 free blocks, 8192 free inodes, 0 directories, 8192 unused inodes
  Free blocks: 366994-367103, 367436-367455, 367474-367487, 367612-367615, 367836-367871, 368098-368127, 368356-368383, 368605-368639, 369033-369087, 369125-369151, 370034-370047, 370134-370687, 370699-370943, 371182-371711, 371902-371967, 372197-372223, 372533-372735, 375248-375295, 375517-375551, 375778-375807, 376565-376831, 386693-386815, 387041-387071, 392787-392959, 393181-393215
  Free inodes: 90113-98304
Group 12: (Blocks 393216-425983) csum 0x0700 [INODE_UNINIT, ITABLE_ZEROED]
  Block bitmap at 1040 (bg #0 + 1040), csum 0xa2caaaa8
  Inode bitmap at 1056 (bg #0 + 1056), csum 0x00000000
  Inode table at 7204-7715 (bg #0 + 7204)
  1606 free blocks, 8192 free inodes, 0 directories, 8192 unused inodes
  Free blocks: 395173-395199, 395249-395263, 396186-396287, 396550-396799, 397255-397311, 408445-409599
  Free inodes: 98305-106496
Group 13: (Blocks 425984-458751) csum 0x1647 [INODE_UNINIT, ITABLE_ZEROED]
  Block bitmap at 1041 (bg #0 + 1041), csum 0x716e1321
  Inode bitmap at 1057 (bg #0 + 1057), csum 0x00000000
  Inode table at 7716-8227 (bg #0 + 7716)
  1240 free blocks, 8192 free inodes, 0 directories, 8192 unused inodes
  Free blocks: 429077-429567, 433734-434175, 452301-452607
  Free inodes: 106497-114688
Group 14: (Blocks 458752-491519) csum 0xb420 [INODE_UNINIT, ITABLE_ZEROED]
  Block bitmap at 1042 (bg #0 + 1042), csum 0x5e70cc52
  Inode bitmap at 1058 (bg #0 + 1058), csum 0x00000000
  Inode table at 8228-8739 (bg #0 + 8228)
  12091 free blocks, 8192 free inodes, 0 directories, 8192 unused inodes
  Free blocks: 475333-481279, 485376-491519
  Free inodes: 114689-122880
Group 15: (Blocks 491520-524287) csum 0x6362 [INODE_UNINIT, ITABLE_ZEROED]
  Block bitmap at 1043 (bg #0 + 1043), csum 0xfa17c4cd
  Inode bitmap at 1059 (bg #0 + 1059), csum 0x00000000
  Inode table at 8740-9251 (bg #0 + 8740)
  19960 free blocks, 8192 free inodes, 0 directories, 8192 unused inodes
  Free blocks: 491520-503423, 503510-503807, 507904-515071, 518926-519167, 519359-519679, 520165-520191
  Free inodes: 122881-131072
Group 16: (Blocks 524288-557055) csum 0xe0e8 [ITABLE_ZEROED]
  Block bitmap at 524288 (+0), csum 0xd0263021
  Inode bitmap at 524304 (+16), csum 0x33da653e
  Inode table at 524320-524831 (+32)
  23426 free blocks, 990 free inodes, 984 directories
  Free blocks: 532577, 532586, 532614, 532626, 532632, 532647, 532680, 532684, 532690, 532804-532805, 532808, 532947, 532953, 532967, 532970-532973, 532980, 532994-532995, 532997-533054, 533358-533359, 533381-533385, 533416-533417, 533432-533434, 533494-533510, 533546-533547, 533561-533562, 533575, 533581, 533590, 533594, 533608-533609, 533642, 533654, 533661-533662, 533664, 533666-533667, 533670, 533708-533709, 533732, 533759-534032, 534034-557055
  Free inodes: 131574, 132816, 132837, 132843-132844, 132847-132857, 132875, 132880-132890, 132957, 133026-133027, 133032, 133039, 133043-133046, 133055, 133061, 133065-133068, 133084, 133091, 133095-133097, 133113, 133120, 133124-133126, 133142, 133149, 133153-133155, 133171, 133178, 133182-133184, 133188-133189, 133194, 133201, 133205-133208, 133211-133212, 133215, 133221-133223, 133366, 133369, 133628, 133630, 133655, 133669, 133672-133675, 133696, 133699, 133702, 133708, 133714, 133745, 133755, 133768, 133771-133778, 133780-133781, 133783-133784, 133803-133812, 133818, 133820, 133840, 133848-133851, 133911, 133951-134008, 134012-134464, 134494-134498, 134501, 136809-136810, 136812-136813, 136818, 136834, 136836, 136840, 136844-136845, 136851-136853, 136994-137002, 137047-137186, 137393-137407, 137411-137412, 137414, 137418-137420, 137464-137472, 137986-138004, 138232-138238, 138240, 138246, 138252-138253, 138258, 138306-138316, 138332, 138339, 138343, 138401, 138403, 138409, 138422-138425, 138654-138656, 138673-138674, 138741-138743, 138753, 138790, 138796, 138805, 138809, 138823-138824, 138857, 138869, 138876-138877, 138879, 138881-138882, 138885, 138923-138924, 138946-138950, 138988-139054, 139068-139069, 139096-139097, 139225-139227
Group 17: (Blocks 557056-589823) csum 0x8441 [ITABLE_ZEROED]
  Block bitmap at 524289 (bg #16 + 1), csum 0x37c9a7cd
  Inode bitmap at 524305 (bg #16 + 17), csum 0xd24ffd73
  Inode table at 524832-525343 (bg #16 + 544)
  8029 free blocks, 7827 free inodes, 22 directories
  Free blocks: 557099-557113, 557120-557121, 557130-557137, 557325-557330, 557338-557339, 557344, 557392, 557498, 557516, 558406-558407, 558410-558415, 558450, 558465, 558490, 558502, 558524, 558531, 558537, 558540-558541, 558583-558584, 558587, 558598, 558616, 558630, 558668, 558747, 558754, 558759-558760, 558771-558772, 558785, 558793-558799, 558829-561153, 561469, 561472-561510, 561514-561517, 561527, 561529-561530, 561532-561537, 561544-561547, 561564, 561566, 561580, 561587-561590, 561604-561605, 561629, 561662-562615, 562631, 562636-562670, 562718, 562768-562769, 562909-562915, 562965, 562992, 562998-563016, 563076, 563125-563132, 563135, 563194-563199, 564375-564383, 564405-564479, 564609-564639, 564666-564735, 565448-565471, 565489-565759, 566028-566143, 566209-566271, 566634-566655, 566724-566783, 566834, 566848, 566853, 566856-567000, 567005-567009, 567016, 567018-567019, 567021-567030, 567049-567050, 567055-567062, 567071-567078, 567295-569802, 569804-570290, 570292-570743, 570752-570879, 574954-574958, 574961, 576555, 577671, 578791, 580479, 580491, 580527, 580587, 580615, 580671, 581431, 581639, 581655, 588607, 589019, 589031, 589251, 589427, 589519, 589535
  Free inodes: 139296-139299, 139316-139323, 139326-139331, 139334-139342, 139358-139360, 139653, 139661-147456
Group 18: (Blocks 589824-622591) csum 0xdf53 [ITABLE_ZEROED]
  Block bitmap at 524290 (bg #16 + 2), csum 0xce4d309f
  Inode bitmap at 524306 (bg #16 + 18), csum 0x8cc80540
  Inode table at 525344-525855 (bg #16 + 1056)
  3283 free blocks, 8191 free inodes, 0 directories, 6218 unused inodes
  Free blocks: 594363, 594943, 594991, 595535, 595575, 595747, 595811, 595903, 595963, 596114-596115, 596334-596335, 596678-596679, 596866-596867, 598078-598079, 598466-598467, 598602-598603, 599199, 599535, 599875, 600175, 600319, 600367, 600595, 600723, 601087, 601801-601806, 602133-602135, 602183-602189, 602257-602266, 602268-602271, 602292-602296, 602313, 602440-602442, 602446-602493, 602496-602523, 602544-602545, 602688-602870, 602872-602875, 603557-603614, 603616-603653, 603720-603723, 603759-603769, 611296-612083, 612352-614399
  Free inodes: 147457-149424, 149426-155648
Group 19: (Blocks 622592-655359) csum 0x8f5c [INODE_UNINIT, ITABLE_ZEROED]
  Block bitmap at 524291 (bg #16 + 3), csum 0xc6f0d2be
  Inode bitmap at 524307 (bg #16 + 19), csum 0x00000000
  Inode table at 525856-526367 (bg #16 + 1568)
  2120 free blocks, 8192 free inodes, 0 directories, 8192 unused inodes
  Free blocks: 626208-626209, 626511-626528, 626530, 626536, 626542-626543, 626548, 626556-626557, 626568, 626574-626575, 626579, 626587, 626589, 626594, 626610-626611, 649148-649183, 649216-651263
  Free inodes: 155649-163840
Group 20: (Blocks 655360-688127) csum 0x990f [INODE_UNINIT, ITABLE_ZEROED]
  Block bitmap at 524292 (bg #16 + 4), csum 0xd9ecbe44
  Inode bitmap at 524308 (bg #16 + 20), csum 0x00000000
  Inode table at 526368-526879 (bg #16 + 2080)
  23456 free blocks, 8192 free inodes, 0 directories, 8192 unused inodes
  Free blocks: 658461-659389, 659456-665400, 665600-667647, 670684-670685, 670703-670715, 670847-670849, 670859, 670888-670910, 670983-671065, 671093-671107, 671192-671195, 671360-671361, 671444-671449, 671488-671496, 671498-671499, 671501-671506, 671508-671509, 671512-671532, 671545, 671548, 671552-671555, 673792-688127
  Free inodes: 163841-172032
Group 21: (Blocks 688128-720895) csum 0x91fa [INODE_UNINIT, ITABLE_ZEROED]
  Block bitmap at 524293 (bg #16 + 5), csum 0x43968217
  Inode bitmap at 524309 (bg #16 + 21), csum 0x00000000
  Inode table at 526880-527391 (bg #16 + 2592)
  835 free blocks, 8192 free inodes, 0 directories, 8192 unused inodes
  Free blocks: 688128-688958, 690172-690175
  Free inodes: 172033-180224
Group 22: (Blocks 720896-753663) csum 0x5f31 [INODE_UNINIT, ITABLE_ZEROED]
  Block bitmap at 524294 (bg #16 + 6), csum 0x42c68677
  Inode bitmap at 524310 (bg #16 + 22), csum 0x00000000
  Inode table at 527392-527903 (bg #16 + 3104)
  623 free blocks, 8192 free inodes, 0 directories, 8192 unused inodes
  Free blocks: 722930-722943, 727026-727039, 733169-733183, 737694-737695, 737933-737951, 738769-739327
  Free inodes: 180225-188416
Group 23: (Blocks 753664-786431) csum 0x52fe [INODE_UNINIT, ITABLE_ZEROED]
  Block bitmap at 524295 (bg #16 + 7), csum 0xade45e08
  Inode bitmap at 524311 (bg #16 + 23), csum 0x00000000
  Inode table at 527904-528415 (bg #16 + 3616)
  2171 free blocks, 8192 free inodes, 0 directories, 8192 unused inodes
  Free blocks: 757676-757759, 759895-761855, 767958-767999, 774102-774143, 780246-780287
  Free inodes: 188417-196608
Group 24: (Blocks 786432-819199) csum 0x31b7 [INODE_UNINIT, ITABLE_ZEROED]
  Block bitmap at 524296 (bg #16 + 8), csum 0xdf782a78
  Inode bitmap at 524312 (bg #16 + 24), csum 0x00000000
  Inode table at 528416-528927 (bg #16 + 4128)
  12958 free blocks, 8192 free inodes, 0 directories, 8192 unused inodes
  Free blocks: 788438-788479, 792534-800045, 800708-804863, 809760-811007
  Free inodes: 196609-204800
Group 25: (Blocks 819200-851967) csum 0x1fe5 [INODE_UNINIT, ITABLE_ZEROED]
  Backup superblock at 819200, Group descriptors at 819201-819203
  Reserved GDT blocks at 819204-820227
  Block bitmap at 524297 (bg #16 + 9), csum 0xeeb8ef32
  Inode bitmap at 524313 (bg #16 + 25), csum 0x00000000
  Inode table at 528928-529439 (bg #16 + 4640)
  20238 free blocks, 8192 free inodes, 0 directories, 8192 unused inodes
  Free blocks: 821024-821247, 829440-834580, 835047-835583, 837632-851967
  Free inodes: 204801-212992
Group 26: (Blocks 851968-884735) csum 0xd094 [INODE_UNINIT, ITABLE_ZEROED]
  Block bitmap at 524298 (bg #16 + 10), csum 0xb53d073d
  Inode bitmap at 524314 (bg #16 + 26), csum 0x00000000
  Inode table at 529440-529951 (bg #16 + 5152)
  10120 free blocks, 8192 free inodes, 0 directories, 8192 unused inodes
  Free blocks: 851968-857024, 857026-857034, 857036-857044, 857046-857050, 857052-857058, 857060-857070, 857072-857106, 857108-857122, 857124-857152, 857154-857196, 857198-857206, 857208-857236, 857238-857242, 857244-857258, 857260-857278, 857280-857306, 857308-857312, 857314-857324, 857326-857343, 857375, 857447-862207
  Free inodes: 212993-221184
Group 27: (Blocks 884736-917503) csum 0xa626 [INODE_UNINIT, ITABLE_ZEROED]
  Backup superblock at 884736, Group descriptors at 884737-884739
  Reserved GDT blocks at 884740-885763
  Block bitmap at 524299 (bg #16 + 11), csum 0xec777d74
  Inode bitmap at 524315 (bg #16 + 27), csum 0x00000000
  Inode table at 529952-530463 (bg #16 + 5664)
  3607 free blocks, 8192 free inodes, 0 directories, 8192 unused inodes
  Free blocks: 885764-889189, 890699-890879
  Free inodes: 221185-229376
Group 28: (Blocks 917504-950271) csum 0xcb57 [INODE_UNINIT, ITABLE_ZEROED]
  Block bitmap at 524300 (bg #16 + 12), csum 0x04528347
  Inode bitmap at 524316 (bg #16 + 28), csum 0x00000000
  Inode table at 530464-530975 (bg #16 + 6176)
  1119 free blocks, 8192 free inodes, 0 directories, 8192 unused inodes
  Free blocks: 930721-931839
  Free inodes: 229377-237568
Group 29: (Blocks 950272-983039) csum 0xd6bb [INODE_UNINIT, ITABLE_ZEROED]
  Block bitmap at 524301 (bg #16 + 13), csum 0x47c74365
  Inode bitmap at 524317 (bg #16 + 29), csum 0x00000000
  Inode table at 530976-531487 (bg #16 + 6688)
  0 free blocks, 8192 free inodes, 0 directories, 8192 unused inodes
  Free blocks: 
  Free inodes: 237569-245760
Group 30: (Blocks 983040-1015807) csum 0xa51b [INODE_UNINIT, ITABLE_ZEROED]
  Block bitmap at 524302 (bg #16 + 14), csum 0x289786b6
  Inode bitmap at 524318 (bg #16 + 30), csum 0x00000000
  Inode table at 531488-531999 (bg #16 + 7200)
  1531 free blocks, 8192 free inodes, 0 directories, 8192 unused inodes
  Free blocks: 997893-999423
  Free inodes: 245761-253952
Group 31: (Blocks 1015808-1048575) csum 0xc81d [INODE_UNINIT, ITABLE_ZEROED]
  Block bitmap at 524303 (bg #16 + 15), csum 0x529ad4a5
  Inode bitmap at 524319 (bg #16 + 31), csum 0x00000000
  Inode table at 532000-532511 (bg #16 + 7712)
  1667 free blocks, 8192 free inodes, 0 directories, 8192 unused inodes
  Free blocks: 1021404-1021951, 1043361-1044479
  Free inodes: 253953-262144
Group 32: (Blocks 1048576-1081343) csum 0x3825 [ITABLE_ZEROED]
  Block bitmap at 1048576 (+0), csum 0x4e611515
  Inode bitmap at 1048592 (+16), csum 0x8eb94fc1
  Inode table at 1048608-1049119 (+32)
  20365 free blocks, 51 free inodes, 1181 directories
  Free blocks: 1060860-1060863, 1060871, 1060873-1060876, 1060878-1060879, 1060905-1060920, 1060922-1060923, 1060998-1061047, 1061058-1081343
  Free inodes: 262200, 268036, 268041, 268043-268045, 268053-268054, 268056-268058, 268061, 268063, 268066-268067, 268072, 268076, 268079, 268084-268086, 268089-268091, 268093-268095, 268097-268099, 268103-268104, 268107-268109, 268111, 268329-268331, 268333-268335, 268343, 268537-268538, 268545-268547, 268558, 268562, 268783
Group 33: (Blocks 1081344-1114111) csum 0x1fb9 [ITABLE_ZEROED]
  Block bitmap at 1048577 (bg #32 + 1), csum 0x91db049d
  Inode bitmap at 1048593 (bg #32 + 17), csum 0x36543d11
  Inode table at 1049120-1049631 (bg #32 + 544)
  1661 free blocks, 2 free inodes, 494 directories
  Free blocks: 1081344-1081407, 1081426-1081428, 1081472-1081535, 1081696-1081727, 1081760-1081855, 1082416-1082495, 1082552-1082557, 1082560-1082683, 1082860-1082863, 1083056-1083059, 1083430, 1083432-1083448, 1083450, 1083453, 1083484, 1083486-1083496, 1083523-1083556, 1083566-1083581, 1083593-1083600, 1083628-1083633, 1083637-1083638, 1083674-1083675, 1083762-1083771, 1083784-1083785, 1083806-1083807, 1083816-1083820, 1083822-1083838, 1083840-1083855, 1083862-1083887, 1083901-1083902, 1084004-1084606, 1084618, 1084633, 1084635-1084637, 1084644-1084650, 1084737, 1084771, 1084773-1084774, 1084777-1084778, 1085309, 1085311-1085314, 1085316, 1085318-1085319, 1085321-1085324, 1085327, 1085329-1085330, 1086050-1086052, 1086055, 1086058, 1086061, 1086069, 1086074-1086126, 1086151-1086167, 1086172-1086212, 1086218-1086225, 1086227-1086267, 1086269-1086299, 1086308-1086337, 1086340-1086463, 1112151, 1112219, 1112551, 1112959, 1113087, 1113335, 1113543, 1113567, 1113671, 1113707, 1113731, 1113755, 1113763, 1113863, 1113871, 1113897
  Free inodes: 274070-274071
Group 34: (Blocks 1114112-1146879) csum 0x8800 [ITABLE_ZEROED]
  Block bitmap at 1048578 (bg #32 + 2), csum 0x75be8ce1
  Inode bitmap at 1048594 (bg #32 + 18), csum 0xd6e7efc2
  Inode table at 1049632-1050143 (bg #32 + 1056)
  752 free blocks, 43 free inodes, 200 directories
  Free blocks: 1128719, 1139063, 1139087, 1139366-1139367, 1139551, 1140367, 1140495, 1140527, 1140563, 1140727, 1140911, 1140999, 1141095, 1141123, 1143179, 1143187, 1144397-1144399, 1144790-1144791, 1144808-1144810, 1144812-1144865, 1144867-1144922, 1144924-1144938, 1144940-1144976, 1144980-1144983, 1144992-1145034, 1145036-1145049, 1145068-1145076, 1145078-1145079, 1145129-1145170, 1145182, 1145184-1145190, 1145256, 1145265-1145269, 1145277, 1145285-1145286, 1145296-1145298, 1145304-1145313, 1145318, 1145361-1145366, 1145377, 1145407, 1145417, 1145445-1145458, 1145554, 1145582-1145600, 1145612-1145648, 1145655, 1145736-1145740, 1145885-1145886, 1145940-1145963, 1146290-1146481, 1146650-1146657, 1146726, 1146728-1146737, 1146756-1146846, 1146853, 1146858-1146859, 1146876, 1146878-1146879
  Free inodes: 280095, 280097, 280099, 280218, 280281, 280285, 280302, 280304, 282015, 282022, 282030, 282042, 282070, 282079-282084, 282123, 282139-282141, 282143, 282148, 282150-282151, 282159-282160, 282175-282177, 282180-282181, 282184, 282188, 282214, 282251, 282281-282282, 282295, 282309, 283018
Group 35: (Blocks 1146880-1179647) csum 0x14eb [ITABLE_ZEROED]
  Block bitmap at 1048579 (bg #32 + 3), csum 0x34526d22
  Inode bitmap at 1048595 (bg #32 + 19), csum 0xe3599d13
  Inode table at 1050144-1050655 (bg #32 + 1568)
  6863 free blocks, 119 free inodes, 237 directories
  Free blocks: 1152608-1152624, 1152654-1152679, 1152681, 1152687, 1152690-1152691, 1152710-1152726, 1152756-1152895, 1152949-1152969, 1153008-1153015, 1153034-1153043, 1153045-1153051, 1153055-1153058, 1153060-1153061, 1153095-1153100, 1153286-1153288, 1153402-1153405, 1153412-1153413, 1153509-1153640, 1153729-1153749, 1153752-1153771, 1154107, 1157957-1157958, 1158348-1158377, 1158563-1159089, 1159093-1159543, 1159545-1159550, 1159678, 1161216-1161243, 1161245-1161251, 1161257-1161727, 1162240-1162376, 1162381-1162905, 1162907-1163263, 1168553-1168554, 1168624-1168780, 1168782-1168783, 1173484-1173486, 1173489, 1173491-1173663, 1173665-1174032, 1174034-1174227, 1174232-1174236, 1174243, 1174245-1174246, 1174249-1174252, 1174325, 1174338, 1174340-1174341, 1174344-1174347, 1174374, 1174376-1174377, 1174379-1174382, 1174402, 1174404-1174405, 1174415-1174434, 1174451-1174454, 1174495, 1174497-1174498, 1174500-1174506, 1174522, 1174524-1174527, 1174539-1174541, 1174544-1174545, 1174553-1174554, 1174558-1174559, 1174564-1174565, 1174574, 1174576, 1174579-1174580, 1174584-1174585, 1174603-1174604, 1174609-1174610, 1174617-1174618, 1174622, 1174625-1174626, 1174634-1174635, 1174651-1174652, 1174736, 1174740, 1174742, 1174765-1174766, 1174772-1174773, 1174778, 1174867-1174868, 1174873-1174874, 1174889, 1174900-1174901, 1174906-1174907, 1174911, 1174914-1174915, 1174920-1174921, 1174932-1174933, 1174936-1174938, 1174941-1174943, 1174951-1175038, 1175040-1175158, 1175552-1175556, 1175561-1175566, 1175568-1175569, 1175575-1175579, 1175581-1175582, 1175595-1175599, 1175601-1175602, 1175606-1175609, 1175612, 1175614, 1175616-1175816, 1175825-1175829, 1175831, 1175833-1175865, 1175867-1175870, 1176015, 1176017-1176022, 1176035-1176038, 1176058, 1176060-1176167, 1176169-1176170, 1176172-1176175, 1176214, 1176216-1176217, 1176221-1176225, 1176247, 1176249-1176412, 1176414, 1176437, 1176466, 1176468-1176600, 1176605-1176608, 1176624, 1176636, 1176638-1176795, 1176797-1176921, 1176926-1176930, 1177088-1177119, 1177125-1177137, 1177142-1177146, 1177152, 1177154-1177187, 1177191-1177195, 1177213, 1177215-1177221, 1177225-1177229, 1177233, 1177235-1177236, 1177240-1177243, 1177253-1177283, 1177285, 1177291-1177298, 1177305, 1177309, 1177311-1177445, 1177449-1177453, 1177461, 1177463-1177496, 1177501-1177505, 1177512, 1177514-1177547, 1177550-1177554, 1177561, 1177564, 1177566-1177697, 1177699-1177700, 1177708-1177712, 1177715, 1177717-1177755, 1177758, 1177805-1177810, 1178112-1178231, 1178233-1178236, 1178240, 1178242-1178244, 1178249-1178253, 1178261, 1178263-1178296, 1178298-1178301, 1178306, 1178308-1178627, 1178629-1178693, 1178695-1178789, 1178791-1178799, 1178841-1178856, 1178858-1178862, 1178865-1178895, 1178900-1178901, 1178904-1178909, 1178913-1178918, 1178920-1178924, 1178926-1178935, 1178937-1178942, 1178966-1178971, 1178975-1178978, 1178989-1178992, 1178996-1179018, 1179024-1179145, 1179147-1179301, 1179313-1179315, 1179326-1179327, 1179331-1179332, 1179644-1179647
  Free inodes: 293029, 293074, 293101, 293106-293108, 293129-293130, 293139-293140, 293181, 293198, 293288, 293293, 293302, 293315, 293325, 293330, 293341, 293346, 293352, 293381, 293403-293404, 293406-293410, 293424, 293489-293502, 293504-293505, 293602-293607, 293674, 293681-293682, 293685-293691, 293787-293794, 293952-293957, 293967, 293974-293986, 294068-294069, 294095-294099, 294112-294117, 294577-294578, 294635-294636, 294679-294680, 294713-294722
Group 36: (Blocks 1179648-1212415) csum 0x2d63 [ITABLE_ZEROED]
  Block bitmap at 1048580 (bg #32 + 4), csum 0xa8d0bfdb
  Inode bitmap at 1048596 (bg #32 + 20), csum 0xe20bfd3e
  Inode table at 1050656-1051167 (bg #32 + 2080)
  7943 free blocks, 221 free inodes, 48 directories
  Free blocks: 1179648-1181910, 1181912-1181919, 1181925, 1181929, 1181933-1181935, 1181937-1181939, 1181942, 1181946, 1181950-1181951, 1181963-1181964, 1181966, 1181974, 1181981, 1182002-1182004, 1182006, 1182008, 1182017, 1182019, 1182027, 1182043, 1182056, 1182058, 1182064, 1182066, 1182080-1182096, 1182109, 1182114, 1182116, 1182120, 1182124-1182126, 1182128-1182129, 1182141, 1182143, 1182163, 1182168, 1182176, 1182182, 1182199-1182201, 1190562-1190574, 1191311-1191579, 1193221-1193262, 1193264-1193266, 1193338-1193363, 1193458, 1193516, 1193521-1193523, 1193606-1193607, 1193638-1193639, 1193700, 1193757, 1193884-1193895, 1193897, 1193992-1194006, 1194008-1194140, 1194152-1194161, 1194163-1194167, 1194176-1194185, 1194196-1194199, 1194205-1194209, 1194211-1194215, 1194224-1194237, 1194268-1194271, 1194282-1194283, 1194293-1194297, 1194486-1194597, 1194599-1194602, 1194616-1194617, 1194625, 1194627-1194628, 1194635-1194640, 1194745-1194746, 1194751-1194811, 1194813-1194834, 1194839-1194840, 1194842-1195006, 1195008-1195527, 1195742, 1195762, 1195772, 1195779-1195807, 1195854-1195855, 1195863, 1195866, 1195869-1195878, 1195952-1195957, 1197998-1197999, 1198008-1198009, 1198018, 1198030-1198036, 1198056, 1198060-1198061, 1198069-1198077, 1198082, 1198086-1198091, 1198120-1198121, 1198140-1198144, 1198146, 1198150-1198152, 1198154-1198155, 1198165-1198167, 1198186-1198191, 1198193-1198202, 1198213-1198216, 1198226-1198227, 1198257, 1198286-1198289, 1198302-1198303, 1198321, 1198408-1198462, 1198464-1198465, 1198468-1198471, 1198880-1199022, 1199024-1199042, 1199044-1199047, 1199091, 1199096-1199133, 1199278-1199283, 1200005-1200006, 1204224-1205934, 1205936-1206257, 1206901, 1207080-1207154, 1207210-1207667, 1207677, 1207695-1207700, 1207717-1207718, 1207809-1207816, 1207834-1207837, 1207859-1207861, 1207893-1207899, 1207907-1207913, 1208036-1208058, 1208065-1208089, 1208101-1208103, 1208109-1208140, 1208144-1208151, 1208161-1208163, 1208183-1208187, 1208243-1208253, 1208312-1208313, 1208316-1208322, 1208325-1208328, 1208343-1208347, 1208366-1208392, 1208504-1208508, 1208529-1208540, 1208937-1208938, 1208953-1208954, 1208991-1208992, 1209001-1209002, 1209011-1209012, 1209031-1209032, 1209040-1209047, 1209054-1209055, 1209058-1209059, 1209236-1209237, 1209240-1209250, 1209252-1209253, 1209281-1209282, 1209287-1209300, 1209302-1209303, 1209352-1209358, 1209402-1209405, 1209413, 1209424-1209523, 1209546-1209550, 1209570-1209572, 1209770-1209771, 1209792-1209793, 1209799-1209824, 1210057-1210072, 1210077-1210114, 1210126-1210153, 1210158-1210159, 1210208-1210214, 1210293-1210295, 1210487-1210489, 1210500-1210505, 1210547-1210574, 1210622-1210623, 1210684-1211034, 1211055-1211056, 1211074-1211081, 1211084-1211087, 1211095, 1211104-1211107, 1211306-1211310, 1211339-1211343, 1211400-1211411, 1211416-1211419, 1211446-1211450, 1211654-1211657, 1211668-1211674, 1211677-1211684, 1211745-1211755, 1211779-1211783, 1211804-1211812, 1211819-1211833, 1211846-1211861, 1211902-1211905, 1211928-1211932, 1211942-1211946, 1211953-1211964, 1211974-1211978, 1212020-1212023, 1212140-1212143, 1212181-1212190, 1212200-1212203, 1212217-1212227, 1212234-1212237, 1212273-1212292, 1212327-1212328, 1212374-1212401, 1212408-1212412
  Free inodes: 295145-295149, 295360-295364, 295837-295841, 295862-295866, 295872-295886, 296170-296173, 296272-296286, 296292-296296, 296699-296706, 296709-296711, 296922-296928, 296978-296981, 297066-297073, 297094-297099, 297215-297218, 297429-297432, 297632-297636, 298309-298313, 298319-298326, 298715-298719, 298746-298750, 298996-299000, 299136-299137, 299176-299183, 299353-299358, 299365-299369, 299379-299382, 299392-299396, 299595-299598, 299765-299768, 299825-299828, 299996-300003, 301156, 301238, 301271, 301273-301277, 301280-301283, 301287, 301290, 301315, 301321, 301374-301378, 301383-301391, 301394-301398
Group 37: (Blocks 1212416-1245183) csum 0x9120 [ITABLE_ZEROED]
  Block bitmap at 1048581 (bg #32 + 5), csum 0x497928e1
  Inode bitmap at 1048597 (bg #32 + 21), csum 0xfcfd7b09
  Inode table at 1051168-1051679 (bg #32 + 2592)
  4680 free blocks, 7529 free inodes, 26 directories, 3787 unused inodes
  Free blocks: 1212471-1212480, 1212793-1212799, 1212805-1212806, 1212851, 1212856-1212860, 1212882-1212885, 1212906-1212913, 1212927-1212935, 1213204-1213264, 1213267-1213269, 1213475-1213486, 1213631-1213636, 1213642-1213652, 1213669-1213672, 1213746-1213749, 1213834-1213842, 1213853-1213866, 1213871, 1213876-1213878, 1213890-1213905, 1213918-1213925, 1213946-1213954, 1213970-1213976, 1214005-1214018, 1214060-1214063, 1214096-1214099, 1214148-1214160, 1214249-1214252, 1214364-1214369, 1214397-1214400, 1214407-1214416, 1214422-1214431, 1214457-1214469, 1214485-1214488, 1214616-1214620, 1214650-1214654, 1214704-1214710, 1214965-1214974, 1214980-1214983, 1214988-1215008, 1215019-1216771, 1216778-1216796, 1216805-1216809, 1216930-1216935, 1217091-1217095, 1217105-1217207, 1217325-1217329, 1217467-1217473, 1217499-1217502, 1217624-1217664, 1217694-1217699, 1217716-1217719, 1217731-1217735, 1217848-1217879, 1217906-1217930, 1217959-1217970, 1218216-1218238, 1218246-1218253, 1218336-1218340, 1218352-1218390, 1218479-1218480, 1219540-1219541, 1219549-1219550, 1219888-1219897, 1219912-1219937, 1219980-1219989, 1220020-1220026, 1220034-1220051, 1220117-1220122, 1220129-1220133, 1220143-1220152, 1220163, 1220166-1220188, 1220489-1220492, 1220505-1220508, 1220590-1220605, 1220622-1220625, 1220665-1220677, 1220684-1220691, 1220696-1220699, 1220720-1220726, 1220742-1220745, 1220808-1220811, 1220825-1220829, 1220874-1220875, 1220880-1220912, 1220915-1220933, 1220940-1220948, 1221048-1221062, 1221064-1221071, 1221139-1221172, 1221279-1221325, 1221332-1221347, 1221373-1221380, 1221492-1221555, 1221822-1221823, 1221869-1221881, 1221900-1222024, 1222068-1222073, 1222080-1222085, 1222109-1222114, 1222133-1222144, 1222258-1222262, 1223001-1223014, 1223016-1223023, 1223032-1223039, 1223064, 1223074-1223100, 1223104-1223135, 1223138-1224585, 1224594, 1224637-1224639, 1224650-1224703
  Free inodes: 303351-303354, 303357-303359, 303376-303377, 303379-303380, 303383, 303386-303387, 303397, 303413, 303419, 303422, 303424, 303428-303429, 303435, 303448-303451, 303453, 303455, 303463, 303471-303472, 303474, 303482, 303497, 303499-303500, 303507-303508, 303512, 303515, 303518-303542, 303546, 303548-307214, 307216-307221, 307275, 307278, 307508, 307510-311296
Group 38: (Blocks 1245184-1277951) csum 0x1461 [INODE_UNINIT, ITABLE_ZEROED]
  Block bitmap at 1048582 (bg #32 + 6), csum 0x579e841c
  Inode bitmap at 1048598 (bg #32 + 22), csum 0x00000000
  Inode table at 1051680-1052191 (bg #32 + 3104)
  1009 free blocks, 8192 free inodes, 0 directories, 8192 unused inodes
  Free blocks: 1276833-1277802, 1277913-1277951
  Free inodes: 311297-319488
Group 39: (Blocks 1277952-1310719) csum 0x4885 [INODE_UNINIT, ITABLE_ZEROED]
  Block bitmap at 1048583 (bg #32 + 7), csum 0x47c74365
  Inode bitmap at 1048599 (bg #32 + 23), csum 0x00000000
  Inode table at 1052192-1052703 (bg #32 + 3616)
  0 free blocks, 8192 free inodes, 0 directories, 8192 unused inodes
  Free blocks: 
  Free inodes: 319489-327680
Group 40: (Blocks 1310720-1343487) csum 0x5817 [INODE_UNINIT, ITABLE_ZEROED]
  Block bitmap at 1048584 (bg #32 + 8), csum 0x1c9c54cf
  Inode bitmap at 1048600 (bg #32 + 24), csum 0x00000000
  Inode table at 1052704-1053215 (bg #32 + 4128)
  648 free blocks, 8192 free inodes, 0 directories, 8192 unused inodes
  Free blocks: 1329348-1329663, 1330177, 1330180-1330255, 1330258-1330260, 1330262, 1330264-1330389, 1330391-1330395, 1330397, 1330429, 1330431-1330432, 1330435-1330438, 1330548, 1330550-1330551, 1330565-1330568, 1330688-1330711, 1331119-1331199
  Free inodes: 327681-335872
Group 41: (Blocks 1343488-1376255) csum 0x9e83 [INODE_UNINIT, ITABLE_ZEROED]
  Block bitmap at 1048585 (bg #32 + 9), csum 0x2dd6c456
  Inode bitmap at 1048601 (bg #32 + 25), csum 0x00000000
  Inode table at 1053216-1053727 (bg #32 + 4640)
  324 free blocks, 8192 free inodes, 0 directories, 8192 unused inodes
  Free blocks: 1361695-1361791, 1361858-1361919, 1375137-1375192, 1375891-1375999
  Free inodes: 335873-344064
Group 42: (Blocks 1376256-1409023) csum 0x450c [INODE_UNINIT, ITABLE_ZEROED]
  Block bitmap at 1048586 (bg #32 + 10), csum 0x674bbcd6
  Inode bitmap at 1048602 (bg #32 + 26), csum 0x00000000
  Inode table at 1053728-1054239 (bg #32 + 5152)
  10499 free blocks, 8192 free inodes, 0 directories, 8192 unused inodes
  Free blocks: 1378972-1378975, 1379208-1379211, 1379326-1384447, 1384940-1384959, 1385216-1385471, 1386239-1386303, 1386486-1387519, 1387775-1388598, 1392897-1392927, 1392945-1394687, 1398784-1399295, 1400138-1400319, 1408322-1409023
  Free inodes: 344065-352256
Group 43: (Blocks 1409024-1441791) csum 0xfe7c [INODE_UNINIT, ITABLE_ZEROED]
  Block bitmap at 1048587 (bg #32 + 11), csum 0x180aa4d2
  Inode bitmap at 1048603 (bg #32 + 27), csum 0x00000000
  Inode table at 1054240-1054751 (bg #32 + 5664)
  7151 free blocks, 8192 free inodes, 0 directories, 8192 unused inodes
  Free blocks: 1422872-1423359, 1431552-1435647, 1439196-1439199, 1439220-1439221, 1439231-1441791
  Free inodes: 352257-360448
Group 44: (Blocks 1441792-1474559) csum 0xdcc4 [INODE_UNINIT, ITABLE_ZEROED]
  Block bitmap at 1048588 (bg #32 + 12), csum 0x09e6cbfa
  Inode bitmap at 1048604 (bg #32 + 28), csum 0x00000000
  Inode table at 1054752-1055263 (bg #32 + 6176)
  30494 free blocks, 8192 free inodes, 0 directories, 8192 unused inodes
  Free blocks: 1443159, 1443328-1445887, 1446174-1446271, 1446350-1446367, 1446383, 1446390-1446393, 1446396-1449983, 1450124-1450150, 1450363-1474559
  Free inodes: 360449-368640
Group 45: (Blocks 1474560-1507327) csum 0xaf39 [INODE_UNINIT, ITABLE_ZEROED]
  Block bitmap at 1048589 (bg #32 + 13), csum 0xa5429bf4
  Inode bitmap at 1048605 (bg #32 + 29), csum 0x00000000
  Inode table at 1055264-1055775 (bg #32 + 6688)
  20474 free blocks, 8192 free inodes, 0 directories, 8192 unused inodes
  Free blocks: 1474560-1490943, 1490950-1495039
  Free inodes: 368641-376832
Group 46: (Blocks 1507328-1540095) csum 0x3c01 [INODE_UNINIT, ITABLE_ZEROED]
  Block bitmap at 1048590 (bg #32 + 14), csum 0x21091119
  Inode bitmap at 1048606 (bg #32 + 30), csum 0x00000000
  Inode table at 1055776-1056287 (bg #32 + 7200)
  10173 free blocks, 8192 free inodes, 0 directories, 8192 unused inodes
  Free blocks: 1510398-1510399, 1510597-1510623, 1510644-1510655, 1510692-1510719, 1510756-1510783, 1510849-1510879, 1510903-1510911, 1511077-1511103, 1511263-1511327, 1511357-1511423, 1511604-1511615, 1511657-1511711, 1511733-1511807, 1511825-1511839, 1511865-1511871, 1511924-1511935, 1512255, 1512396-1512703, 1512753-1512767, 1512796-1512831, 1512879-1512895, 1512932-1513215, 1513273-1513343, 1513390-1513407, 1513454-1513471, 1516447, 1516474-1516479, 1516528-1516543, 1517687-1517695, 1517761-1517791, 1517819-1517823, 1518038-1518047, 1518077-1518079, 1518389-1518399, 1518435-1518591, 1518949-1519103, 1519270-1519295, 1519347-1519359, 1519511-1519519, 1519595-1519615, 1531636-1540095
  Free inodes: 376833-385024
Group 47: (Blocks 1540096-1572863) csum 0x3667 [INODE_UNINIT, ITABLE_ZEROED]
  Block bitmap at 1048591 (bg #32 + 15), csum 0xd8cf3e3f
  Inode bitmap at 1048607 (bg #32 + 31), csum 0x00000000
  Inode table at 1056288-1056799 (bg #32 + 7712)
  15687 free blocks, 8192 free inodes, 0 directories, 8192 unused inodes
  Free blocks: 1540096-1552383, 1553081-1554431, 1558528-1560575
  Free inodes: 385025-393216
Group 48: (Blocks 1572864-1605631) csum 0x4c38 [ITABLE_ZEROED]
  Block bitmap at 1572864 (+0), csum 0xeb335202
  Inode bitmap at 1572880 (+16), csum 0x05f6a6ac
  Inode table at 1572896-1573407 (+32)
  21808 free blocks, 14 free inodes, 900 directories
  Free blocks: 1581652, 1581655, 1581657-1581658, 1581695, 1582670-1582673, 1582680-1582681, 1582683, 1582687, 1582704-1582716, 1582718-1582719, 1583232-1583263, 1583745, 1583875-1583876, 1583887-1605631
  Free inodes: 396380, 399552, 401274, 401279, 401287-401296
Group 49: (Blocks 1605632-1638399) csum 0x1d07 [ITABLE_ZEROED]
  Backup superblock at 1605632, Group descriptors at 1605633-1605635
  Reserved GDT blocks at 1605636-1606659
  Block bitmap at 1572865 (bg #48 + 1), csum 0x7d659d3b
  Inode bitmap at 1572881 (bg #48 + 17), csum 0x190a19da
  Inode table at 1573408-1573919 (bg #48 + 544)
  5178 free blocks, 661 free inodes, 1015 directories
  Free blocks: 1625936-1625951, 1626784-1626815, 1628256-1628271, 1628352-1628415, 1628448-1628463, 1628608-1628687, 1628880-1628895, 1628928-1628991, 1628996-1628999, 1629008-1629023, 1629096-1629103, 1629184-1629247, 1629256-1629263, 1629304-1629307, 1629309, 1629340-1629343, 1629376-1629567, 1629597, 1629731, 1629738-1629739, 1629762-1629763, 1629798-1629799, 1630242-1630243, 1630272-1630463, 1630908-1631071, 1631079, 1631165, 1631203-1631215, 1631218, 1631239, 1631247-1631260, 1631264-1631267, 1631269, 1631272-1631939, 1632012-1632064, 1632085, 1632088-1632100, 1632106, 1632115-1632119, 1632122, 1632140-1632159, 1632164-1632168, 1632188-1632199, 1632202, 1632204-1632207, 1632213, 1632216-1632220, 1632232-1632235, 1632260-1632271, 1632283-1632291, 1632308-1632315, 1632318, 1632322, 1632328-1632331, 1632335, 1632356-1632357, 1632376-1632389, 1632776-1632787, 1632792-1632796, 1632813-1632822, 1632852-1632859, 1632864-1632875, 1632884-1632891, 1632899-1632902, 1632910-1632913, 1632929-1633095, 1633098-1633099, 1633129-1633155, 1633158, 1633173-1633186, 1633191, 1633200-1633209, 1633211, 1633214-1633215, 1633269-1633316, 1633322-1633480, 1633525-1633559, 1633619, 1633630-1633645, 1633688-1633718, 1633721, 1633728-1633730, 1633732-1633733, 1633745, 1633748-1633753, 1633755, 1633765-1633767, 1633784-1633799, 1633816-1633827, 1633829, 1633844-1633847, 1633856-1633865, 1633871-1633879, 1633893-1633904, 1633906-1633910, 1633928-1633938, 1633940-1633945, 1633963, 1633969-1633976, 1633978-1633988, 1633991-1633992, 1633994-1633995, 1633999, 1634004-1634006, 1634008-1634011, 1634015-1634017, 1634028-1634037, 1634070-1634084, 1634090-1634305, 1634308-1634408, 1634417-1634418, 1634422-1634423, 1634425-1634426, 1634428-1634429, 1634431-1634439, 1634475, 1634482, 1634486-1634488, 1634497-1634498, 1634509-1634510, 1634516-1634518, 1634616-1634960, 1634971, 1634989, 1634996-1634998, 1635018-1635159, 1635161-1635331, 1635341-1635343, 1635345-1635352, 1635354-1635388, 1635393-1635404, 1635413, 1635433-1635476, 1635482-1635510, 1635513-1635537, 1635540-1635552, 1635555, 1635560-1635569, 1635604-1635607, 1635621-1635647, 1635651-1635895, 1635907, 1635948-1635965, 1635968-1635992, 1636020-1636044, 1636109-1636163, 1636173, 1636190-1636191, 1636196-1636213, 1636215-1636219, 1636221, 1636229-1636231, 1636240-1636245, 1636305-1636307, 1636312-1636359, 1636361, 1636376-1636384, 1636387, 1636390-1636395, 1636399-1636401, 1636408-1636413, 1636417-1636419, 1636428-1636432, 1636434-1636435, 1636446-1636449, 1636475, 1636483-1636493, 1636496-1636499, 1636511, 1636514-1636515, 1636520-1636521, 1636617, 1636627-1636672, 1636674-1636681, 1636701, 1636741-1636785, 1636788-1636794, 1636905, 1636908-1636991, 1637016-1637032, 1637035, 1637066-1637088, 1637090-1637091, 1637217-1637315, 1637418-1637419, 1637462-1637662, 1637695-1637722, 1637902-1637903, 1637908-1638039, 1638090-1638095, 1638104-1638132, 1638134-1638143, 1638160-1638166, 1638168-1638171, 1638209-1638239, 1638245-1638248, 1638288-1638317, 1638334-1638347, 1638359-1638367, 1638397-1638398
  Free inodes: 408938-408953, 408956-409600
Group 50: (Blocks 1638400-1671167) csum 0x82c3 [ITABLE_ZEROED]
  Block bitmap at 1572866 (bg #48 + 2), csum 0xfe766971
  Inode bitmap at 1572882 (bg #48 + 18), csum 0x7562c061
  Inode table at 1573920-1574431 (bg #48 + 1056)
  2828 free blocks, 4223 free inodes, 309 directories, 896 unused inodes
  Free blocks: 1639019-1639024, 1639031-1639037, 1639121-1639191, 1639197-1639201, 1639229-1639249, 1639254-1639255, 1639260-1639264, 1639273, 1639314-1639319, 1639336-1639352, 1639356-1639365, 1639397, 1639407-1639424, 1639426-1639439, 1639443, 1639462-1639477, 1639483, 1639488-1639493, 1639495, 1639497-1639498, 1639502-1639503, 1639523, 1639529, 1639536-1639555, 1639573-1639612, 1639627-1639639, 1639651-1639652, 1639713, 1639770-1639807, 1639832-1639845, 1639969-1640008, 1640010-1640011, 1640015-1640086, 1640088-1640215, 1640217-1640441, 1641970-1641993, 1642467, 1642480, 1642486, 1642488, 1642511, 1642517-1642518, 1642523, 1642527-1642529, 1642590, 1642610-1642611, 1642613, 1642624, 1642628-1642629, 1642707-1642715, 1642721, 1642760-1642860, 1642864-1642889, 1642920-1642945, 1645889-1645891, 1646266-1646267, 1646955-1646957, 1647161-1647176, 1647191, 1647196-1647213, 1647216-1647274, 1647711-1647715, 1647840-1647877, 1647930-1647974, 1648002-1648078, 1648088-1648091, 1648128-1648195, 1648200-1648275, 1649920-1649925, 1649972-1649977, 1650134-1650169, 1651294-1651319, 1651577, 1651580-1651711, 1651780-1651792, 1651806, 1651860, 1651865-1652496, 1652584-1652591, 1652612-1652613, 1652767-1652775, 1652957-1652966, 1652973-1652980, 1653107-1653118, 1653129-1653194, 1653318-1653345, 1653348-1653354, 1653373-1653377, 1653384-1653419, 1653429-1653440, 1653473, 1653476, 1653478-1653479, 1653550-1653555, 1653579, 1653587-1653590, 1653734-1653757, 1653775, 1653778-1653779, 1656685-1656687, 1656823-1656829, 1657238-1657252, 1657984-1658222, 1658355, 1658449, 1658562-1658563, 1658800, 1662041-1662050, 1662211, 1662368-1662373, 1662393-1662405
  Free inodes: 409601-411961, 411963-412049, 412051-412080, 412082, 412084-412095, 415927, 415933, 415943, 415945-415946, 415949-415950, 415968-415969, 415971-415989, 415992-415997, 416000-416015, 416017-416019, 416021-416023, 416025-416029, 416031, 416037-416038, 416041-416042, 416049-416050, 416073, 416079-416086, 416093-416095, 416102, 416105-416115, 416118-416127, 416129, 416131-416154, 416157-416159, 416165-416166, 416168, 416170-416171, 416174, 416179-416180, 416182, 416200-417792
Group 51: (Blocks 1671168-1703935) csum 0x216d [INODE_UNINIT, ITABLE_ZEROED]
  Block bitmap at 1572867 (bg #48 + 3), csum 0x5d2dd177
  Inode bitmap at 1572883 (bg #48 + 19), csum 0x00000000
  Inode table at 1574432-1574943 (bg #48 + 1568)
  8309 free blocks, 8192 free inodes, 0 directories, 8192 unused inodes
  Free blocks: 1677038-1677311, 1679360-1679655, 1679728-1680127, 1680203-1680204, 1680206-1680222, 1680224-1680263, 1680310-1680311, 1680328-1680329, 1680345, 1680402-1680418, 1680428-1680429, 1680440, 1680462-1680463, 1680468-1680469, 1680486-1680487, 1680503, 1680550-1680566, 1680580-1680581, 1680593, 1680620-1680621, 1680757-1680759, 1680778-1680779, 1680785, 1680913-1681628, 1681782-1681788, 1681790-1681793, 1682444-1682447, 1682648-1682655, 1683019-1683123, 1683966-1684168, 1684173, 1684179, 1684197-1684205, 1684208-1684219, 1684222-1684232, 1684234-1684238, 1684240-1684244, 1684246-1684250, 1684252-1684256, 1684258-1684262, 1684264-1684268, 1684359-1684365, 1684438-1684593, 1684635, 1684642-1684644, 1684649, 1684652-1684653, 1684657-1684665, 1684674-1684676, 1684679, 1684684, 1684699-1684712, 1684720, 1684731-1684743, 1684764, 1684768-1684783, 1684808-1684815, 1684821, 1684824-1684827, 1684903-1684905, 1684908-1684973, 1685043, 1685539, 1685570-1685586, 1685588-1685589, 1685625-1685626, 1685695-1685773, 1685775-1686149, 1686192-1686385, 1686436-1686439, 1686825, 1686838-1686850, 1686852-1686855, 1686960-1687021, 1687119, 1687122-1687279, 1687387-1687551, 1690114-1690120, 1690125, 1690128-1690129, 1690131-1690132, 1690134-1690136, 1690138, 1690140-1690141, 1690143-1690144, 1690146-1690147, 1690150, 1690177-1690183, 1690185-1690203, 1690212-1690215, 1690218, 1690220-1690222, 1690225, 1690229-1690230, 1690232-1690242, 1690244-1690255, 1690257-1690264, 1690266-1690267, 1690270, 1690275-1690276, 1690289-1690290, 1690294, 1690301, 1691271, 1691280-1691281, 1691288-1691299, 1691370, 1691372-1691373, 1691390-1691394, 1691578, 1691580-1691582, 1691591-1691594, 1691600, 1691602-1691647, 1691657-1691685, 1691689-1691693, 1691699, 1691701-1691734, 1691745-1691749, 1691774, 1691776-1691809, 1691816-1691819, 1691846, 1692116, 1692121-1692153, 1692155, 1692371, 1692386-1692678, 1692701-1692798, 1692817, 1692831, 1692834-1692835, 1692840-1692841, 1692864, 1692868-1692869, 1692871-1692875, 1692881, 1692891, 1692896, 1692905-1692911, 1692916-1692996, 1693001-1693038, 1693067, 1693069-1693077, 1693079-1693090, 1693100-1693107, 1693109, 1693111-1693117, 1693119, 1693126-1693141, 1693150-1693153, 1693157-1693158, 1693161, 1693165-1693170, 1693172-1693173, 1693175-1693178, 1693180-1693184, 1693187, 1693190-1693253, 1693256-1693263, 1693265, 1693268-1693288, 1693290-1693303, 1693307, 1693315-1696147, 1696458-1696466, 1697477-1697800, 1697802-1698303
  Free inodes: 417793-425984
Group 52: (Blocks 1703936-1736703) csum 0x79d8 [INODE_UNINIT, ITABLE_ZEROED]
  Block bitmap at 1572868 (bg #48 + 4), csum 0x21e28497
  Inode bitmap at 1572884 (bg #48 + 20), csum 0x00000000
  Inode table at 1574944-1575455 (bg #48 + 2080)
  32147 free blocks, 8192 free inodes, 0 directories, 8192 unused inodes
  Free blocks: 1704557-1736703
  Free inodes: 425985-434176
Group 53: (Blocks 1736704-1769471) csum 0x1cba [INODE_UNINIT, ITABLE_ZEROED]
  Block bitmap at 1572869 (bg #48 + 5), csum 0x5ebe1cb7
  Inode bitmap at 1572885 (bg #48 + 21), csum 0x00000000
  Inode table at 1575456-1575967 (bg #48 + 2592)
  26832 free blocks, 8192 free inodes, 0 directories, 8192 unused inodes
  Free blocks: 1738752-1740799, 1743262-1743359, 1743742-1743839, 1744030-1744383, 1744429-1744479, 1744549, 1744552-1744575, 1744609-1744639, 1744684-1744703, 1744724-1744735, 1744756-1744767, 1744804-1753087, 1753673-1769471
  Free inodes: 434177-442368
Group 54: (Blocks 1769472-1802239) csum 0x6d08 [INODE_UNINIT, ITABLE_ZEROED]
  Block bitmap at 1572870 (bg #48 + 6), csum 0xa5e26d86
  Inode bitmap at 1572886 (bg #48 + 22), csum 0x00000000
  Inode table at 1575968-1576479 (bg #48 + 3104)
  17052 free blocks, 8192 free inodes, 0 directories, 8192 unused inodes
  Free blocks: 1769472-1770815, 1770834-1770847, 1770874-1770879, 1770900-1770911, 1770931-1770943, 1770987-1771007, 1771082-1771103, 1771123-1771135, 1771262-1771263, 1771345-1771359, 1771410-1771429, 1771434-1771455, 1771499-1781759, 1782267-1782271, 1782451-1782463, 1782517-1782527, 1782658-1782687, 1782706-1782719, 1782994-1783007, 1783029-1783039, 1783118-1783135, 1783164-1783167, 1783204-1783231, 1783293-1783295, 1783473-1783487, 1783533-1783551, 1783622-1783647, 1783669-1783679, 1783751-1783775, 1783807, 1783870-1783871, 1783912-1783935, 1783977-1783999, 1784061-1784063, 1784087-1784095, 1784118-1784127, 1784149-1784159, 1784185-1784191, 1784249-1784255, 1784273-1784287, 1784307-1784319, 1784343-1784351, 1784373-1784383, 1784437-1784447, 1784485-1784511, 1784538-1784543, 1784567-1784575, 1784625-1784639, 1784670-1784671, 1784691-1784703, 1784738-1784767, 1784809-1784831, 1784868-1784895, 1784914-1784927, 1784946-1784959, 1785032-1785055, 1785074-1785087, 1785105-1785119, 1785140-1785151, 1785189-1785215, 1785267-1785279, 1785299-1785311, 1785331-1785343, 1785365-1785375, 1785402-1785407, 1785456-1785471, 1785531-1785535, 1785571-1785599, 1785618-1785631, 1785652-1785663, 1785683-1785695, 1785713-1785727, 1785762-1785791, 1785815-1785823, 1785846-1785855, 1785894-1785919, 1785949-1785951, 1785976-1785983, 1786007-1786015, 1786036-1786047, 1786079, 1786097-1786111, 1786152-1786175, 1786212-1786239, 1786287-1786303, 1786344-1786367, 1786387-1786399, 1786417-1786431, 1786449-1786463, 1786484-1786495, 1786516-1786527, 1786557-1786559, 1786577-1786591, 1786610-1786623, 1786641-1786655, 1786673-1786687, 1786706-1786719, 1786739-1786751, 1786771-1786783, 1786808-1786815, 1786834-1786847, 1786865-1786879, 1786900-1786911, 1786937-1786943, 1786980-1787007, 1787030-1787039, 1787062-1787071, 1787091-1787103, 1787131-1787135, 1787224-1787231, 1787250-1787263, 1787285-1787295, 1787321-1787327, 1787379-1787391, 1787484-1787487, 1787506-1787519, 1787635-1787647, 1787681-1787711, 1787736-1787743, 1787771-1787775, 1787810-1787839, 1787874-1787903, 1787926-1787935, 1787954-1787967, 1788020-1788031, 1788090-1788095, 1788113-1788127, 1788240-1788255, 1788277-1788287, 1788342-1788351, 1788407-1788415, 1788514-1788543, 1788569-1788575, 1788596-1788607, 1788635-1788639, 1788669-1788671, 1788701-1788703, 1788721-1788735, 1788770-1788799, 1788819-1788831, 1788861-1788863, 1788906-1788927, 1788952-1788959, 1788984-1788991, 1789010-1789023, 1789042-1789055, 1789155-1789183, 1789208-1789215, 1789234-1789247, 1789297-1789311, 1789399-1789407, 1789468-1789471, 1789491-1789503, 1789528-1789535, 1789565-1789567, 1789591-1789599, 1789652-1789663, 1789692-1789695, 1789718-1789727, 1789752-1789759, 1789793-1789823, 1789843-1789855, 1789873-1789887, 1789905-1789919, 1789940-1789951, 1789970-1789983, 1790004-1790015, 1790049-1790079, 1790099-1790111, 1790135-1790143, 1790180-1790207, 1790243-1790271, 1790290-1790303, 1790324-1790335, 1790360-1790367, 1790388-1790399, 1790456-1790463, 1790609-1790623, 1790643-1790655, 1790680-1790687, 1790705-1790719, 1790775-1790783, 1790810-1790815, 1790839-1790847, 1790961-1790975, 1791037-1791039, 1791057-1791071, 1791095-1791103, 1791175-1791199, 1791217-1791231, 1791271-1791295, 1791314-1791327, 1791347-1791359, 1791385-1791391, 1791420-1791423, 1791476-1791487, 1791506-1791519, 1791540-1791551, 1791597-1791615, 1791646-1791647, 1791677-1791679, 1791701-1791711, 1791730-1791743, 1791779-1791807, 1791845-1791871, 1791927-1791935, 1791956-1791967, 1791995-1791999, 1792043-1792063, 1792081-1792095, 1792113-1792127, 1792145-1792159, 1792186-1792191, 1792209-1792223, 1792254-1792255, 1792274-1792287, 1792305-1792319, 1792337-1792351, 1792376-1792383, 1792401-1792415, 1792439-1792447, 1792465-1792479, 1792498-1792511, 1792538-1792543, 1792567-1792575, 1792599-1792607, 1792639, 1792678-1792703, 1792727-1792735, 1792765-1792767, 1792797-1792799, 1792826-1792831, 1792882-1792895, 1793002-1793023, 1793054-1793055, 1793082-1793087, 1793113-1793119, 1793140-1793151, 1793171-1793183, 1793202-1793215, 1793268-1793279, 1793300-1793311, 1793336-1793343, 1793406-1793407, 1793433-1793439, 1793463-1793471, 1793490-1793503, 1793528-1793535, 1793654-1793663, 1793685-1793695, 1793725-1793727, 1793767-1793791, 1793813-1793823, 1793853-1793855, 1793904-1793919, 1793953-1793983, 1794003-1794015, 1794035-1794047, 1794327-1794335, 1794359-1794367, 1794470-1794495, 1794531-1794559, 1794584-1794591, 1794614-1794623, 1794655, 1794675-1794687, 1794722-1794751, 1794774-1794783, 1794801-1794815, 1794836-1794847, 1794865-1794879, 1794914-1794943, 1794968-1794975, 1795003-1795007, 1795049-1795071, 1795137-1795167, 1795188-1795199, 1795303-1795327, 1795350-1795359, 1795384-1795391, 1795416-1795423, 1795446-1795455, 1795483-1795487, 1795506-1795519, 1795538-1795551, 1795569-1795583, 1795679, 1795705-1795711, 1795788-1795807, 1795833-1795839, 1795874-1795903, 1795921-1795935, 1795956-1795967, 1795985-1795999, 1796022-1796031, 1796062-1796063, 1796085-1796095, 1796199-1796223, 1796336-1796351, 1796372-1796383, 1796405-1796415, 1796460-1796479, 1796573-1796575, 1796607, 1796751-1796767, 1796856-1796863, 1796987-1796991, 1797094-1797119, 1797160-1797183, 1797232-1797247, 1797333-1797343, 1797363-1797375, 1797469-1797471, 1797495-1797503, 1797562-1797567, 1797590-1797599, 1797627-1797631, 1797915-1797919, 1797937-1797951, 1798000-1798015, 1798069-1798079, 1798114-1798143, 1798448-1798463, 1798506-1798527, 1798605-1798623, 1798654-1798655, 1798689-1798719, 1798757-1798783, 1798817-1798847, 1798877-1798879, 1798907-1798911, 1798962-1798975, 1798996-1799007, 1799033-1799039, 1799087-1799103, 1799137-1799167, 1799238-1799263, 1799283-1799295, 1799376-1799391, 1799422-1799423, 1799481-1799487, 1799536-1799551, 1799631-1799647, 1799665-1799679, 1800071-1800095, 1800114-1800127, 1800163-1800191, 1800348-1800351, 1800381-1800383, 1800430-1800447, 1800553-1800575, 1800606-1800607, 1800628-1800639, 1800660-1800671, 1800694-1800703, 1800904-1800927, 1800945-1800959, 1801000-1801023, 1801043-1801055, 1801073-1801087, 1801116-1801119, 1801151, 1801174-1801183, 1801211-1801215, 1801281-1801311, 1801330-1801343, 1801363-1801375, 1801401-1801407, 1801438-1801439, 1801457-1801471, 1801496-1801503, 1801526-1801535, 1801582-1801599, 1801619-1801631, 1801655-1801663, 1801682-1801695, 1801720-1801727, 1801757-1801759, 1801779-1802239
  Free inodes: 442369-450560
Group 55: (Blocks 1802240-1835007) csum 0x95c0 [INODE_UNINIT, ITABLE_ZEROED]
  Block bitmap at 1572871 (bg #48 + 7), csum 0xe1ed4a28
  Inode bitmap at 1572887 (bg #48 + 23), csum 0x00000000
  Inode table at 1576480-1576991 (bg #48 + 3616)
  5701 free blocks, 8192 free inodes, 0 directories, 8192 unused inodes
  Free blocks: 1802583, 1802621, 1803056-1803071, 1803094-1803095, 1803135, 1803171, 1803184-1803199, 1803359, 1803507, 1803664-1803679, 1803707, 1803745, 1803760-1803775, 1803856-1803871, 1803970-1803971, 1803984-1803999, 1804273-1804275, 1804280-1804287, 1804528-1804543, 1804766-1804767, 1804787, 1804792-1804799, 1804891, 1804926-1804927, 1804975-1804991, 1805053-1805055, 1805270-1805279, 1805608-1805631, 1805677-1805695, 1805775-1805791, 1805811, 1805816-1805823, 1805917-1805919, 1806051, 1806056-1806079, 1806264-1806271, 1806331, 1806557-1806559, 1806585-1806587, 1806647-1806655, 1806709-1806719, 1806770-1806771, 1806776-1806783, 1806832-1806847, 1807155, 1807160-1807167, 1807201-1807203, 1807208-1807231, 1807298-1807299, 1807304-1807327, 1807352-1807359, 1807530-1807531, 1807536-1807551, 1807595, 1807600-1807615, 1807686-1807711, 1807737-1807739, 1807762-1807763, 1807768-1807775, 1807794-1807795, 1807800-1807807, 1807856-1807871, 1807895-1807903, 1807927-1807935, 1807999, 1808072-1808095, 1808121-1808123, 1808200-1808223, 1808248-1808255, 1808318-1808319, 1808382-1808383, 1808406-1808415, 1808440-1808447, 1808505-1808507, 1808529-1808531, 1808536-1808543, 1808573-1808575, 1808618-1808619, 1808624-1808639, 1808658-1808659, 1808664-1808671, 1808697-1808699, 1808730-1808731, 1808767, 1808805-1808831, 1808887-1808895, 1808976-1808991, 1809018-1809019, 1809118-1809119, 1809149-1809151, 1809303-1809311, 1809329-1809331, 1809336-1809343, 1809394-1809395, 1809400-1809407, 1809510-1809535, 1809603, 1809608-1809631, 1809649-1809651, 1809656-1809663, 1809769-1809771, 1809776-1809791, 1809893-1809919, 1809995, 1810000-1810015, 1810035, 1810040-1810047, 1810137-1810139, 1810162-1810163, 1810168-1810175, 1810270-1810271, 1810289-1810291, 1810296-1810303, 1810384-1810399, 1810424-1810431, 1810637-1810655, 1810673-1810675, 1810680-1810687, 1810730-1810731, 1810736-1810751, 1810794-1810795, 1810800-1810815, 1810899, 1810904-1810911, 1810935-1810943, 1811103, 1811176-1811199, 1811342-1811359, 1811384-1811391, 1811430-1811455, 1811837-1811839, 1811893-1811903, 1811966-1811967, 1812059, 1812089-1812091, 1812146-1812147, 1812152-1812159, 1812208-1812223, 1812299, 1812304-1812319, 1812337-1812339, 1812344-1812351, 1812385-1812387, 1812392-1812415, 1812440-1812447, 1812472-1812479, 1812631-1812639, 1812657-1812659, 1812664-1812671, 1812711-1812735, 1812798-1812799, 1812818-1812819, 1812824-1812831, 1812854-1812863, 1812883, 1812888-1812895, 1812914-1812915, 1812920-1812927, 1812945-1812947, 1812952-1812959, 1812983-1812991, 1813025-1813027, 1813032-1813055, 1813089-1813091, 1813096-1813119, 1813198-1813215, 1813239-1813247, 1813266-1813267, 1813272-1813279, 1813304-1813311, 1813330-1813331, 1813336-1813343, 1813374-1813375, 1813464-1813471, 1813499, 1813584-1813599, 1813625-1813627, 1813682-1813683, 1813688-1813695, 1813735-1813759, 1813833-1813835, 1813840-1813855, 1813877-1813887, 1813947, 1813986-1813987, 1813992-1814015, 1814259, 1814264-1814271, 1814354-1814355, 1814360-1814367, 1814392-1814399, 1814435, 1814440-1814463, 1814504-1814527, 1814711-1814719, 1814766-1814783, 1814803, 1814808-1814815, 1814838-1814847, 1814888-1814911, 1814983-1815007, 1815039, 1815096-1815103, 1815153-1815155, 1815160-1815167, 1815258-1815259, 1815286-1815295, 1815367-1815391, 1815411, 1815416-1815423, 1815464-1815487, 1815514-1815515, 1815547-1815551, 1815574-1815583, 1815611-1815615, 1815649-1815679, 1815786-1815807, 1815881-1815903, 1815928-1815935, 1816056-1816063, 1816212-1816223, 1816254-1816255, 1816314-1816319, 1816374-1816383, 1816427-1816447, 1816468-1816479, 1816504-1816511, 1816536-1816543, 1816572-1816575, 1816710-1816735, 1816755-1816767, 1816816-1816831, 1816850-1816863, 1816882-1816895, 1816936-1816959, 1816981-1816991, 1817011-1817023, 1817047-1817055, 1817074-1817087, 1817614-1817631, 1817653-1817663, 1817683-1817695, 1817713-1817727, 1817804-1817823, 1817845-1817855, 1817975-1817983, 1818021-1818047, 1818102-1818111, 1818430-1818431, 1818481-1818495, 1818598-1818623, 1818701-1818719, 1818740-1818751, 1818846-1818847, 1818868-1818879, 1819041-1819071, 1819109-1819135, 1819442-1819455, 1819504-1819519, 1819634-1819647, 1819740-1819743, 1819765-1819775, 1819848-1819871, 1819892-1819903, 1820050-1820063, 1820083-1820095, 1820115-1820127, 1820145-1820159, 1820189-1820191, 1820209-1820223, 1820252-1820255, 1820277-1820287, 1820341-1820351, 1820392-1820415, 1820493-1820511, 1820534-1820543, 1820623-1820639, 1820664-1820671, 1820703, 1820724-1820735, 1820757-1820767, 1820785-1820799, 1820819-1820831, 1820863, 1820907-1820927, 1820963-1820991, 1821010-1821023, 1821045-1821055, 1821076-1821087, 1821106-1821119, 1821142-1821151, 1821182-1821183, 1821218-1821247, 1821265-1821279, 1821299-1821311, 1821383-1821407, 1821435-1821439, 1821482-1821503, 1821537-1821567, 1821585-1821599, 1821625-1821631, 1821651-1821663, 1821691-1821695, 1821741-1821759, 1821799-1821823, 1821843-1821855, 1821884-1821887, 1821907-1821919, 1821938-1821951, 1821978-1821983, 1822002-1822015, 1822056-1822079, 1822099-1822111, 1822129-1822143, 1822166-1822175, 1822193-1822207, 1822229-1822239, 1822261-1822271, 1822307-1822335, 1822376-1822399, 1822449-1822463, 1822640-1822655, 1822702-1822719, 1823080-1823103, 1823176-1823199, 1823220-1823231, 1823445-1823455, 1823487, 1823596-1823615, 1823731-1823743, 1823883-1823903, 1823927-1823935, 1823971-1823999, 1824041-1824063, 1824093-1824095, 1824116-1824127, 1824183-1824191, 1824244-1824255, 1824376-1824383, 1824477-1824479, 1824497-1824511, 1824646-1824671, 1824690-1824703, 1824747-1824767, 1825300-1825311, 1825331-1825343, 1825407, 1825503, 1825534-1825535, 1825725-1825727, 1825775-1825791, 1826722-1826751, 1826769-1826783, 1826808-1826815, 1827145-1827167, 1827188-1827199, 1827226-1827231, 1827254-1827263, 1827300-1827327, 1827951-1827967, 1828027-1828031, 1828082-1828095, 1828139-1828159, 1828179-1828191, 1828212-1828223, 1828328-1828351, 1828490-1828511, 1828539-1828543, 1828574-1828575, 1828603-1828607, 1828633-1828639, 1828665-1828671, 1828698-1828703, 1828730-1828735, 1828756-1828767, 1828787-1828799, 1828851-1828863, 1829300-1829311, 1829331-1829343, 1829368-1829375, 1829460-1829471, 1829502-1829503, 1829588-1829599, 1829625-1829631, 1829666-1829695, 1829726-1829727, 1829750-1829759, 1829813-1829823, 1829857-1829887, 1829956-1829983, 1830008-1830015, 1830040-1830047, 1830077-1830079, 1830102-1830111, 1830134-1830143, 1830166-1830175, 1830199-1830207, 1830231-1830239, 1830270-1830271, 1830305-1830335, 1830366-1830367, 1830397-1830399, 1830488-1830495, 1830514-1830527, 1830596-1830623, 1830643-1830655, 1830705-1830719, 1830764-1830783, 1830817-1830847, 1830890-1830911, 1830982-1831007, 1831119-1831135, 1831155-1831167, 1831287-1831295, 1831320-1831327, 1831357-1831359, 1831387-1831391, 1831418-1831423, 1831441-1831455, 1831485-1831487, 1831528-1831551, 1831571-1831583, 1831603-1831615, 1831653-1831679, 1831723-1831743, 1831764-1831775, 1831804-1831807, 1831827-1831839, 1831857-1831871, 1831929-1831935, 1831961-1831967, 1831985-1831999, 1832018-1832031, 1832055-1832063, 1832090-1832095, 1832126-1832127, 1832145-1832159, 1832177-1832191, 1832225-1832255, 1832280-1832287, 1832307-1832319, 1832338-1832351, 1832369-1832383, 1832413-1832415, 1832435-1832447, 1832498-1832511, 1832534-1832543, 1832564-1832575, 1832598-1832607, 1832633-1832639, 1832671, 1832696-1832703, 1832722-1832735, 1832759-1832767, 1832787-1832799, 1832831, 1832862-1832863, 1832885-1832895, 1832930-1832959, 1832991, 1833015-1833023, 1833054-1833055, 1833080-1833087, 1833122-1833151, 1833192-1833215, 1833238-1833247, 1833265-1833279, 1833306-1833311, 1833338-1833343, 1833393-1833407, 1833441-1833471, 1833503, 1833521-1833535, 1833571-1833599, 1833649-1833663, 1833685-1833695, 1833715-1833727, 1833746-1833759, 1833778-1833791, 1833810-1833823, 1833847-1833855, 1833886-1833887, 1833914-1833919, 1833950-1833951, 1833970-1833983, 1834003-1834015, 1834038-1834047, 1834074-1834079, 1834142-1834143, 1834163-1834175, 1834197-1834207, 1834232-1834239, 1834265-1834271, 1834289-1834303, 1834325-1834335, 1834354-1834367, 1834387-1834399, 1834425-1834431, 1834458-1834463, 1834489-1834495, 1834524-1834527, 1834559, 1834595-1834623, 1834683-1834687, 1834733-1834751, 1834822-1834879, 1834953-1835007
  Free inodes: 450561-458752
Group 56: (Blocks 1835008-1867775) csum 0x1bfc [INODE_UNINIT, ITABLE_ZEROED]
  Block bitmap at 1572872 (bg #48 + 8), csum 0x238d162d
  Inode bitmap at 1572888 (bg #48 + 24), csum 0x00000000
  Inode table at 1576992-1577503 (bg #48 + 4128)
  17942 free blocks, 8192 free inodes, 0 directories, 8192 unused inodes
  Free blocks: 1837837-1837855, 1837875-1837887, 1837926-1837951, 1838061-1838591, 1839199, 1839220-1839231, 1839251-1839263, 1839283-1839295, 1839321-1839327, 1839349-1839359, 1839394-1839423, 1839463-1839487, 1839522-1839551, 1839579-1839583, 1839605-1839615, 1839664-1839679, 1839706-1839711, 1839739-1839743, 1839762-1839775, 1839797-1839807, 1839825-1839839, 1839860-1839871, 1839895-1839903, 1839925-1839935, 1839956-1839967, 1839985-1839999, 1840054-1840063, 1840098-1840127, 1840497-1840511, 1840529-1840543, 1840561-1840575, 1840600-1840607, 1840625-1840639, 1840685-1840703, 1840728-1840735, 1840753-1840767, 1840786-1840799, 1840817-1840831, 1840849-1840863, 1840886-1840895, 1840913-1840927, 1840945-1840959, 1840978-1840991, 1841009-1841023, 1841042-1841055, 1841074-1841087, 1841119, 1841151, 1841169-1841183, 1841203-1841215, 1841249-1841279, 1841400-1841407, 1841446-1841471, 1841491-1841503, 1841522-1841535, 1841608-1841631, 1841659-1841663, 1841729-1841759, 1841783-1841791, 1841834-1841855, 1841887, 1841905-1841919, 1841965-1841983, 1842018-1842047, 1842068-1842079, 1842097-1842111, 1842147-1842175, 1842249-1842271, 1842292-1842303, 1842371-1842399, 1842418-1842431, 1842453-1842463, 1842487-1842495, 1842514-1842527, 1842553-1842559, 1842617-1842623, 1842645-1842655, 1842678-1842687, 1842765-1842783, 1842808-1842815, 1842844-1842847, 1842868-1842879, 1842902-1842911, 1842931-1842943, 1843000-1843007, 1843025-1843039, 1843058-1843071, 1843089-1843103, 1843130-1843135, 1843161-1843167, 1843185-1843199, 1843394-1843423, 1843448-1843455, 1843511-1843519, 1843569-1843583, 1843620-1843647, 1843688-1843711, 1844125-1844127, 1844150-1844159, 1844205-1844223, 1844309-1844351, 1844393-1844415, 1844459-1844479, 1844532-1844543, 1844584-1844607, 1844657-1844671, 1844708-1844735, 1844986-1844991, 1845186-1845215, 1845242-1845247, 1845434-1845439, 1845495-1845503, 1845739-1845759, 1845925-1845951, 1846016-1846783, 1846880-1851391, 1851409-1851423, 1851442-1851455, 1851600-1851615, 1851635-1851647, 1851881-1851903, 1852197-1852223, 1852276-1852287, 1852317-1852319, 1852338-1852351, 1852375-1852383, 1852401-1852415, 1852859-1852863, 1852900-1852927, 1852951-1852959, 1852983-1852991, 1853029-1853055, 1853098-1853119, 1853167-1853183, 1853206-1853215, 1853244-1853247, 1853303-1853311, 1853333-1853343, 1853370-1853375, 1853419-1853439, 1854068-1854079, 1854187-1854207, 1854458-1854463, 1855090-1855103, 1855156-1855167, 1855208-1855231, 1855426-1855487, 1855505-1855519, 1855537-1855551, 1855573-1855583, 1855605-1855615, 1855635-1855647, 1855665-1855679, 1855697-1855711, 1855764-1855775, 1855796-1855807, 1855826-1855839, 1855858-1855871, 1855898-1855903, 1855926-1855935, 1855954-1855967, 1855987-1855999, 1856017-1856031, 1856055-1856063, 1856087-1856095, 1856118-1856127, 1856147-1856159, 1856177-1856191, 1856213-1856223, 1856254-1856255, 1856319, 1856348-1856415, 1856444-1856511, 1856529-1856543, 1856561-1856575, 1856615-1856639, 1856667-1856671, 1856690-1856703, 1856721-1856735, 1856759-1856767, 1856865-1856895, 1856973-1856991, 1857016-1857695, 1857724-1857727, 1857772-1857791, 1857823, 1857895-1857919, 1857951, 1857972-1857983, 1858020-1858047, 1858225-1858239, 1858301-1858303, 1858333-1858335, 1858356-1858367, 1858387-1858399, 1858418-1858431, 1858538-1858719, 1858745-1858751, 1858779-1858783, 1858806-1858815, 1858889-1858911, 1858931-1858943, 1858999-1859007, 1859048-1859071, 1859231, 1859254-1859263, 1859282-1859295, 1859313-1859327, 1859350-1859359, 1859384-1859391, 1859410-1859423, 1859448-1859455, 1859477-1859487, 1859517-1859519, 1859544-1859551, 1859577-1867775
  Free inodes: 458753-466944
Group 57: (Blocks 1867776-1900543) csum 0x3703 [INODE_UNINIT, ITABLE_ZEROED]
  Block bitmap at 1572873 (bg #48 + 9), csum 0x5cd86025
  Inode bitmap at 1572889 (bg #48 + 25), csum 0x00000000
  Inode table at 1577504-1578015 (bg #48 + 4640)
  3875 free blocks, 8192 free inodes, 0 directories, 8192 unused inodes
  Free blocks: 1867881-1867925, 1867927-1867957, 1867960-1867967, 1868030-1868031, 1868112-1868159, 1868845-1868879, 1868881-1868895, 1868923-1868927, 1868936-1868943, 1868996-1869023, 1869052-1869055, 1869249-1869279, 1869306-1869311, 1869440-1869535, 1869554-1869567, 1869608-1869631, 1869662-1869686, 1869690-1869727, 1869750-1869759, 1869819-1869823, 1870076-1870079, 1870187-1870207, 1870294-1870330, 1870378-1870399, 1870433-1870463, 1870530-1870559, 1870582-1870591, 1870879-1870888, 1870890-1870910, 1870934-1870945, 1871019-1871039, 1871084-1871103, 1871207-1871231, 1871349-1871359, 1871361-1871391, 1871422-1871430, 1871432-1871452, 1871454-1871464, 1871466-1871475, 1871477-1871487, 1871533-1871561, 1871563-1871583, 1871615-1871634, 1871636-1871646, 1871673-1871679, 1871740-1871743, 1871810-1871839, 1871857-1871871, 1873919, 1873921-1873929, 1873942-1873997, 1874008-1874041, 1874043-1874044, 1874046-1874047, 1874049-1874050, 1874052-1874053, 1874055-1874106, 1874108-1874118, 1874130-1874151, 1874153-1874170, 1874200-1874248, 1874257-1874265, 1874274-1874285, 1874287, 1874290-1874292, 1874303-1874317, 1874320-1874333, 1874344, 1874346, 1874348-1874361, 1874372, 1874375-1874388, 1874399-1874405, 1874408-1874421, 1874630-1874655, 1874684-1874687, 1874754-1874783, 1874813-1874815, 1874877-1874879, 1875345-1875359, 1875382-1875391, 1875452-1875455, 1875500-1875519, 1875564-1875583, 1875669-1875679, 1875701-1875711, 1875778-1875807, 1875826-1875839, 1875964-1875967, 1880100-1880127, 1880166-1880191, 1880227-1880255, 1880293-1880319, 1880400-1880415, 1880433-1880447, 1880489-1880511, 1880568-1880575, 1880616-1880639, 1880681-1880703, 1880756-1880767, 1880811-1880831, 1880877-1880895, 1880950-1880959, 1881001-1881023, 1881061-1881087, 1881132-1881151, 1881193-1881215, 1881263-1881279, 1881314-1881343, 1881381-1881407, 1881448-1881471, 1881512-1881535, 1881575-1881599, 1881638-1881663, 1881708-1881727, 1881776-1881791, 1881832-1881855, 1881907-1881919, 1881970-1881983, 1882032-1882047, 1882087-1882111, 1884266-1884287, 1884358-1884383, 1884449-1884479, 1884514-1884543, 1884582-1884607, 1884646-1884671, 1885613-1885631, 1885692-1885695, 1886094-1886111, 1886143, 1886492-1886527, 1886563-1886591, 1886662-1886719, 1886756-1886783, 1886823-1886847, 1886886-1886911, 1886950-1886975, 1887013-1887039, 1887077-1887103, 1887141-1887167, 1887206-1887231, 1887233-1887290, 1887292-1887302, 1887304, 1887306-1887318, 1887320-1887324, 1887326-1887336, 1887338-1887347, 1887349-1887359, 1887361-1887433, 1887435-1887477, 1887479-1887482, 1887484-1887506, 1887508-1887518, 1887520-1887526, 1887528-1887551, 1887683-1887743, 1888432-1888447, 1888502-1888511, 1888577-1888639, 1888689-1888765, 1889097-1889151, 1889201-1889276, 1889632-1889663, 1889728-1889787, 1890103-1890111, 1890164-1890175, 1890240-1890298, 1890614-1890623, 1890685-1890687, 1890722-1890809, 1891125-1891135, 1891194-1891199, 1891261-1891320, 1891636-1891647, 1891692-1891711, 1891777-1891839
  Free inodes: 466945-475136
Group 58: (Blocks 1900544-1933311) csum 0x0b4d [INODE_UNINIT, ITABLE_ZEROED]
  Block bitmap at 1572874 (bg #48 + 10), csum 0xf388f9e0
  Inode bitmap at 1572890 (bg #48 + 26), csum 0x00000000
  Inode table at 1578016-1578527 (bg #48 + 5152)
  3199 free blocks, 8192 free inodes, 0 directories, 8192 unused inodes
  Free blocks: 1903216-1903231, 1903261-1903263, 1903284-1903295, 1903317-1903327, 1903356-1903372, 1903374-1903551, 1904226-1904639, 1911633-1911647, 1911679, 1911707-1911711, 1911740-1911743, 1911771-1911775, 1911803-1912831, 1917244-1917247, 1917285-1917311, 1917357-1917375, 1917394-1917438, 1917754-1917759, 1917805-1917823, 1917857-1917887, 1917905-1917949, 1918265-1918271, 1918293-1918303, 1918321-1918335, 1918354-1918463, 1918666-1918975, 1921206-1921215, 1921234-1921247, 1921276-1921535, 1921907-1921919, 1921948-1921951, 1921979-1921983, 1922001-1922046, 1922405-1922431, 1922461-1922463, 1922493-1922495, 1922514-1922557, 1922878-1922879, 1922904-1922911, 1922941-1923071, 1928946-1929215
  Free inodes: 475137-483328
Group 59: (Blocks 1933312-1966079) csum 0xfffc [INODE_UNINIT, ITABLE_ZEROED]
  Block bitmap at 1572875 (bg #48 + 11), csum 0x43846e72
  Inode bitmap at 1572891 (bg #48 + 27), csum 0x00000000
  Inode table at 1578528-1579039 (bg #48 + 5664)
  3636 free blocks, 8192 free inodes, 0 directories, 8192 unused inodes
  Free blocks: 1944399-1944415, 1944433-1944447, 1944554-1944575, 1945255-1945279, 1945338-1945343, 1945465-1945471, 1945495-1945503, 1945528-1945535, 1945571-1945599, 1948591-1948607, 1948641-1948927, 1949144-1949151, 1949178-1949567, 1949625-1949631, 1951222-1951231, 1951251-1951263, 1951285-1951295, 1951345-1951359, 1951442-1951455, 1951702-1951711, 1951733-1951743, 1952200-1952223, 1952248-1952255, 1952292-1952319, 1952340-1952351, 1952376-1952383, 1952417-1952447, 1952506-1952511, 1952578-1952607, 1952625-1952639, 1952673-1952703, 1952743-1952767, 1952818-1952831, 1952869-1952895, 1952942-1952959, 1953023, 1953274-1953279, 1953433-1953439, 1953464-1953471, 1953513-1953535, 1953729-1953759, 1953783-1953791, 1953846-1953855, 1953987-1954015, 1954042-1954047, 1954236-1954239, 1954300-1954303, 1954353-1954367, 1954406-1954431, 1954516-1954527, 1954547-1954559, 1954702-1954719, 1954744-1954751, 1954786-1954815, 1954851-1954879, 1954897-1954911, 1954931-1954943, 1954969-1954975, 1954994-1955007, 1955046-1955071, 1955103, 1955126-1955135, 1955176-1955199, 1955228-1955231, 1955263, 1955298-1955327, 1955407-1955423, 1955445-1955455, 1955506-1955519, 1955554-1955583, 1955605-1955615, 1955638-1955647, 1955687-1955711, 1955802-1955807, 1955827-1955839, 1955903, 1955953-1955967, 1956053-1956063, 1956081-1956095, 1956169-1956191, 1956214-1956223, 1956296-1956319, 1956337-1956351, 1956739-1956767, 1956790-1956799, 1956837-1956863, 1957000-1957023, 1957041-1957055, 1957097-1957119, 1957357-1957375, 1957447-1957471, 1957489-1957503, 1957631, 1957823, 1957883-1957887, 1958083-1958111, 1958136-1958143, 1958226-1958239, 1958269-1958271, 1958316-1958335, 1958371-1958399, 1959177-1959199, 1959229-1959231, 1959285-1959295, 1959362-1959391, 1959418-1959423, 1959586-1959615, 1959668-1959679, 1959809-1959839, 1959861-1959871, 1959905-1959935, 1960550-1960575, 1960641-1960671, 1960773-1960799, 1960820-1960831, 1960905-1960927, 1960948-1960959, 1961221-1961247, 1961271-1961279, 1961314-1961343, 1961378-1961407, 1961469-1961471, 1961506-1961535, 1961581-1961599, 1961695, 1961716-1961727, 1961892-1961919, 1961957-1961983, 1962478-1962495, 1962885-1962911, 1962942-1962943, 1962991-1963007, 1963076-1963103, 1963128-1963135, 1963177-1963199, 1963224-1963231, 1963253-1963263, 1963422-1963423, 1963453-1963455, 1963478-1963487, 1963511-1963519, 1963706-1963711, 1963729-1963743, 1963766-1963775, 1963817-1963839, 1963865-1963871, 1963894-1963903, 1963942-1963967, 1963987-1963999, 1964022-1964031, 1964053-1964063, 1964086-1964095, 1964122-1964127, 1964146-1964159, 1964287, 1964306-1964319, 1964341-1964351, 1964400-1964415, 1964436-1964447, 1964465-1964479, 1964517-1964543, 1964565-1964575, 1964631-1964799, 1965025-1965055, 1965803-1966079
  Free inodes: 483329-491520
Group 60: (Blocks 1966080-1998847) csum 0xc85a [INODE_UNINIT, ITABLE_ZEROED]
  Block bitmap at 1572876 (bg #48 + 12), csum 0x41dc2104
  Inode bitmap at 1572892 (bg #48 + 28), csum 0x00000000
  Inode table at 1579040-1579551 (bg #48 + 6176)
  3284 free blocks, 8192 free inodes, 0 directories, 8192 unused inodes
  Free blocks: 1966642-1966655, 1966826-1966847, 1966868-1966879, 1966899-1966911, 1966966-1966975, 1966997-1967007, 1967025-1967039, 1967068-1967071, 1967097-1967103, 1967288-1967295, 1967356-1967359, 1967496-1967519, 1967539-1967551, 1967581-1967583, 1967613-1967615, 1967991-1967999, 1968072-1968095, 1968114-1968127, 1968395-1968415, 1968433-1968447, 1968494-1968511, 1968593-1968607, 1968627-1968639, 1969422-1969439, 1969471, 1969507-1969535, 1969554-1969567, 1969593-1969599, 1969635-1969663, 1970310-1970335, 1970356-1970367, 1970409-1970431, 1970640-1970655, 1970673-1970687, 1970731-1970751, 1970795-1970815, 1970864-1970879, 1970898-1970911, 1970941-1970943, 1970962-1970975, 1971000-1971007, 1971065-1971071, 1971093-1971103, 1971125-1971135, 1971157-1971167, 1971189-1971199, 1971221-1971231, 1971255-1971263, 1971286-1971295, 1971320-1971327, 1971352-1971359, 1971383-1971391, 1971416-1971423, 1971452-1971455, 1971553-1971583, 1971642-1971647, 1971690-1971711, 1971861-1971871, 1971897-1971903, 1971934-1971935, 1971965-1971967, 1972003-1972031, 1972057-1972063, 1972091-1972095, 1972133-1972159, 1972186-1972191, 1972218-1972223, 1972306-1972319, 1972350-1972351, 1972458-1972479, 1972505-1972511, 1972543, 1972571-1972575, 1972599-1972607, 1972632-1972639, 1972666-1972671, 1972695-1972703, 1972727-1972735, 1972760-1972767, 1972791-1972799, 1972827-1972831, 1972851-1972863, 1972961-1972991, 1973018-1973023, 1973049-1973055, 1973090-1973119, 1973158-1973183, 1973223-1973247, 1973381-1973407, 1973434-1973439, 1973464-1973471, 1973491-1973503, 1973680-1973695, 1973721-1973727, 1973746-1973759, 1973825-1973855, 1973874-1973887, 1973955-1973983, 1974005-1974015, 1974193-1974207, 1974244-1974271, 1974537-1974559, 1974578-1974591, 1974611-1974623, 1974644-1974655, 1974705-1974719, 1974743-1974751, 1974772-1974783, 1974884-1974911, 1974958-1974975, 1975011-1975039, 1975130-1975135, 1975157-1975167, 1975246-1975263, 1975284-1975295, 1976447, 1976509-1976511, 1976546-1976575, 1976727-1976735, 1976753-1976767, 1976828-1976831, 1976923-1976927, 1976945-1976959, 1976980-1976991, 1977010-1977023, 1977045-1977055, 1977081-1977087, 1977265-1977279, 1977307-1977311, 1977343, 1977364-1977375, 1977396-1977407, 1977434-1977439, 1977464-1977471, 1977489-1977503, 1977522-1977535, 1977565-1977567, 1977590-1977599, 1977678-1977695, 1977722-1977727, 1977774-1977791, 1977817-1977823, 1977841-1977855, 1977890-1977919, 1977948-1977951, 1977980-1977983, 1978020-1978047, 1978087-1978111, 1978188-1978207, 1978236-1978239, 1978275-1978303, 1978360-1978367, 1981075-1981087, 1981105-1981119, 1981157-1981183, 1981313-1981343, 1981364-1981375, 1981394-1981407, 1981429-1981439, 1981526-1981535, 1981560-1981567, 1981617-1981631, 1981668-1981695, 1981713-1981727, 1981751-1981759, 1981797-1981823, 1981843-1981855, 1981873-1981887, 1981905-1981919, 1981947-1981951, 1987133-1987135, 1987154-1987167, 1987191-1987199, 1987304-1987327, 1987346-1987359, 1987377-1987391, 1987420-1987423, 1987450-1987455, 1987498-1987519, 1987564-1987583, 1989073-1989087, 1989106-1989119, 1990470-1990495, 1990515-1990527, 1990549-1990559, 1990582-1990591, 1990616-1990623, 1990644-1990655, 1990729-1990751, 1990775-1990783, 1990818-1990847, 1990870-1990879, 1990901-1990911, 1990968-1990975, 1990993-1991007, 1991034-1991039, 1991058-1991071, 1991091-1991103, 1991137-1991167, 1991185-1991199, 1991226-1991231, 1991250-1991263, 1991283-1991295, 1991333-1991359, 1991389-1991391, 1991418-1991423, 1991468-1991487, 1991508-1991519, 1991542-1991551, 1991575-1991583, 1991604-1991615, 1991634-1991647, 1991670-1991679, 1991707-1991711, 1991733-1991743, 1991778-1991807, 1991832-1991871, 1991917-1992191, 1994558-1994623
  Free inodes: 491521-499712
Group 61: (Blocks 1998848-2031615) csum 0x1a49 [INODE_UNINIT, ITABLE_ZEROED]
  Block bitmap at 1572877 (bg #48 + 13), csum 0xa37ca00c
  Inode bitmap at 1572893 (bg #48 + 29), csum 0x00000000
  Inode table at 1579552-1580063 (bg #48 + 6688)
  4237 free blocks, 8192 free inodes, 0 directories, 8192 unused inodes
  Free blocks: 2009901-2009903, 2009908-2009919, 2009965-2009983, 2010496-2011135, 2018326-2018335, 2018364-2018367, 2018427-2018431, 2018654-2018751, 2018797-2018815, 2019310-2019327, 2021801-2021857, 2021859-2023423, 2027520-2028543, 2028805-2029567
  Free inodes: 499713-507904
Group 62: (Blocks 2031616-2064383) csum 0xa7d1 [INODE_UNINIT, ITABLE_ZEROED]
  Block bitmap at 1572878 (bg #48 + 14), csum 0x92db2751
  Inode bitmap at 1572894 (bg #48 + 30), csum 0x00000000
  Inode table at 1580064-1580575 (bg #48 + 7200)
  15328 free blocks, 8192 free inodes, 0 directories, 8192 unused inodes
  Free blocks: 2031796-2031807, 2031845-2031871, 2031998-2031999, 2032076-2032095, 2032118-2032127, 2032338-2032351, 2032468-2032479, 2032497-2032511, 2032582-2032607, 2032627-2032639, 2032708-2032735, 2032757-2032767, 2032789-2032799, 2032824-2032831, 2032877-2032895, 2032970-2032991, 2033010-2033023, 2033130-2033151, 2033204-2033215, 2033268-2033279, 2033306-2033311, 2033338-2033343, 2033370-2033375, 2033402-2033407, 2033435-2033439, 2033462-2033471, 2033498-2033503, 2033525-2033535, 2033619-2033631, 2033649-2033663, 2033736-2033759, 2033779-2033791, 2033810-2033823, 2033846-2033855, 2033884-2033887, 2033915-2033919, 2034011-2034015, 2034033-2034047, 2034143, 2034166-2034175, 2034260-2034271, 2034293-2034303, 2034392-2034399, 2034421-2034431, 2034516-2034527, 2034648-2034655, 2034682-2034687, 2034772-2034783, 2034802-2034815, 2034925-2034943, 2035062-2035071, 2035124-2035135, 2035188-2035199, 2035357-2035359, 2035379-2035391, 2035416-2035423, 2035449-2035455, 2035480-2035487, 2035512-2035519, 2035544-2035551, 2035576-2035583, 2035608-2035615, 2035642-2035647, 2035700-2035711, 2038442-2038463, 2038516-2038527, 2038580-2038591, 2038682-2038783, 2039066-2039071, 2039092-2039103, 2039137-2039295, 2039781-2039807, 2041179-2041183, 2041206-2041343, 2041776-2041791, 2041849-2041855, 2043602-2043647, 2043783-2043903, 2043940-2043967, 2044002-2044415, 2044799-2044927, 2045311-2056192, 2056198-2056255, 2056311-2056447, 2056584-2056639, 2056673-2056703, 2057194-2057247, 2057265-2057279, 2057306-2057311, 2057338-2057343, 2057428-2057439, 2057457-2057471, 2057557-2057567, 2057589-2057599, 2057676-2057695, 2057722-2057727, 2057875-2057919, 2057953-2058111, 2058147-2058175, 2058202-2058207, 2058235-2058239, 2060288-2061375, 2061416-2061567, 2061699-2061759, 2061809-2061823, 2062733-2062847, 2063474-2063615, 2063803-2063871, 2064249-2064383
  Free inodes: 507905-516096
Group 63: (Blocks 2064384-2097151) csum 0xcc47 [INODE_UNINIT, ITABLE_ZEROED]
  Block bitmap at 1572879 (bg #48 + 15), csum 0xdabb7947
  Inode bitmap at 1572895 (bg #48 + 31), csum 0x00000000
  Inode table at 1580576-1581087 (bg #48 + 7712)
  29680 free blocks, 8192 free inodes, 0 directories, 8192 unused inodes
  Free blocks: 2065760-2072575, 2072764-2073087, 2073600-2074111, 2074117, 2074164-2074165, 2074167-2074168, 2074170-2074171, 2074173, 2074177-2074232, 2074234-2074236, 2074238-2074239, 2074268-2074293, 2074305-2074319, 2074330-2074341, 2074343-2074345, 2074360-2074363, 2074381-2074383, 2074385-2074399, 2074428-2074431, 2074453-2074484, 2074486, 2074488-2074783, 2074812-2074879, 2075063-2075647, 2076005-2076159, 2076412-2097151
  Free inodes: 516097-524288
Group 64: (Blocks 2097152-2129919) csum 0x0e4f [ITABLE_ZEROED]
  Block bitmap at 2097152 (+0), csum 0x6f99e1c5
  Inode bitmap at 2097168 (+16), csum 0x848ad6cf
  Inode table at 2097184-2097695 (+32)
  18708 free blocks, 2 free inodes, 1195 directories
  Free blocks: 2108412-2108543, 2108553, 2108557, 2108570-2108572, 2108585, 2108590, 2108604-2108607, 2108639, 2111329-2111331, 2111359-2129919
  Free inodes: 526990, 528522
Group 65: (Blocks 2129920-2162687) csum 0x6e53 [ITABLE_ZEROED]
  Block bitmap at 2097153 (bg #64 + 1), csum 0x9da431ab
  Inode bitmap at 2097169 (bg #64 + 17), csum 0x8f679e2e
  Inode table at 2097696-2098207 (bg #64 + 544)
  832 free blocks, 3 free inodes, 969 directories
  Free blocks: 2130753, 2131541-2131559, 2131570-2131574, 2131576-2131584, 2131644-2131691, 2135582, 2147086-2147199, 2147582-2147583, 2147680-2147807, 2147810-2147817, 2147838, 2147841-2147898, 2147900-2147910, 2147912-2147926, 2147928-2147932, 2147934-2147944, 2147946-2147955, 2147957-2147959, 2147961-2147967, 2147969-2148025, 2148027-2148041, 2148043-2148085, 2148087-2148090, 2148092-2148114, 2148116-2148126, 2148128-2148134, 2148136-2148351
  Free inodes: 540375, 540377-540378
Group 66: (Blocks 2162688-2195455) csum 0xf843 [ITABLE_ZEROED]
  Block bitmap at 2097154 (bg #64 + 2), csum 0x2fba7771
  Inode bitmap at 2097170 (bg #64 + 18), csum 0x131a8d8b
  Inode table at 2098208-2098719 (bg #64 + 1056)
  11880 free blocks, 4394 free inodes, 49 directories, 4385 unused inodes
  Free blocks: 2162688-2163901, 2163903-2163922, 2163924-2163927, 2163929, 2163931-2163963, 2163965-2164594, 2166720-2166873, 2166914-2166916, 2166921, 2166930-2166932, 2166934-2166935, 2166947, 2166949-2166950, 2166955-2166956, 2166967-2166968, 2166977, 2166979-2166980, 2166985-2166986, 2166994-2166995, 2167001-2167002, 2167006-2167008, 2167030-2167031, 2167034, 2167056-2167057, 2167094-2167095, 2167097-2167099, 2167105-2167106, 2167108-2167109, 2167111, 2167296-2167306, 2167446-2167807, 2168109-2168484, 2168592-2168593, 2168611-2168615, 2168634-2168638, 2168656-2168660, 2168674-2168679, 2168723-2168727, 2168744-2168764, 2168816-2168838, 2168864-2168895, 2169010-2169011, 2169102-2169200, 2169202-2169203, 2169928-2169930, 2169976, 2170006-2170014, 2170045, 2170054-2170098, 2170124-2170125, 2170140-2170146, 2170150-2170194, 2170196, 2170261-2170306, 2170545-2170553, 2170611-2170616, 2170631-2170642, 2170691-2170696, 2170779, 2170782-2170786, 2170856-2170879, 2170951-2170963, 2170966-2170969, 2170976-2170977, 2170991, 2170994-2171001, 2171009-2171010, 2171045-2171049, 2172896-2172899, 2172909-2172959, 2172966, 2172976, 2172978-2172979, 2173095-2173101, 2173149-2173153, 2173165, 2173536-2173544, 2173546-2173631, 2173642-2173643, 2173666-2173667, 2173694-2173695, 2175854-2175855, 2175888-2175893, 2176162-2176163, 2176192-2176319, 2176348-2176356, 2176371, 2176411-2176822, 2176824-2176901, 2177151, 2177163, 2177233-2177239, 2177276-2177919, 2177942-2177945, 2178035, 2178040-2178047, 2178052-2178053, 2178932-2178937, 2179072-2181186, 2181188-2181439, 2181442-2181631, 2183121-2183167, 2183599-2183679, 2183824-2183826, 2184514-2187263, 2188812-2188815, 2189301-2189303, 2189322-2190644, 2190696-2190757, 2191872-2191926, 2191928-2191934, 2191936-2191939, 2193176-2193340, 2194440-2194460
  Free inodes: 544036, 544250, 544418-544419, 544442-544443, 544477-548864
Group 67: (Blocks 2195456-2228223) csum 0xe904 [INODE_UNINIT, ITABLE_ZEROED]
  Block bitmap at 2097155 (bg #64 + 3), csum 0x37153a54
  Inode bitmap at 2097171 (bg #64 + 19), csum 0x00000000
  Inode table at 2098720-2099231 (bg #64 + 1568)
  23697 free blocks, 8192 free inodes, 0 directories, 8192 unused inodes
  Free blocks: 2196798-2196799, 2196821-2196823, 2196853-2196895, 2196927, 2196975, 2196991, 2197087, 2197118-2197119, 2197150-2197151, 2197213-2197215, 2197247, 2197415-2197439, 2197473-2197503, 2197749-2197759, 2197786-2197791, 2197817-2197823, 2197877-2197887, 2197971-2197983, 2198002-2198015, 2198127-2198143, 2198171-2198175, 2198201-2198207, 2198248-2198271, 2198364-2198367, 2198386-2198399, 2198472-2198495, 2198522-2198527, 2199081-2199103, 2199176-2199231, 2199351-2199423, 2199877-2199935, 2200053-2200563, 2200683-2200703, 2200724-2200735, 2200755-2200831, 2201024-2201087, 2202921-2203039, 2203058-2203135, 2203792-2203807, 2203831-2204159, 2204167-2204671, 2206093-2206207, 2206864-2228223
  Free inodes: 548865-557056
Group 68: (Blocks 2228224-2260991) csum 0x811b [INODE_UNINIT, ITABLE_ZEROED]
  Block bitmap at 2097156 (bg #64 + 4), csum 0xd993af43
  Inode bitmap at 2097172 (bg #64 + 20), csum 0x00000000
  Inode table at 2099232-2099743 (bg #64 + 2080)
  19822 free blocks, 8192 free inodes, 0 directories, 8192 unused inodes
  Free blocks: 2229736-2230207, 2230246, 2231519, 2231581, 2231614-2231615, 2231672-2231679, 2231764-2231807, 2231872-2232191, 2232256-2232303, 2232310-2232312, 2233017-2233151, 2233168-2233183, 2233189-2233190, 2233280-2233599, 2233756-2234367, 2237043-2237378, 2237719-2237889, 2238246-2238400, 2238716-2238911, 2239227-2239422, 2239738-2239933, 2240249-2244607, 2247740-2248703, 2249728-2260991
  Free inodes: 557057-565248
Group 69: (Blocks 2260992-2293759) csum 0xf2f8 [INODE_UNINIT, ITABLE_ZEROED]
  Block bitmap at 2097157 (bg #64 + 5), csum 0x84d09b77
  Inode bitmap at 2097173 (bg #64 + 21), csum 0x00000000
  Inode table at 2099744-2100255 (bg #64 + 2592)
  7058 free blocks, 8192 free inodes, 0 directories, 8192 unused inodes
  Free blocks: 2260992-2263039, 2269184-2269343, 2269374-2269375, 2269410-2269439, 2269483-2269503, 2269521-2269535, 2269565-2269567, 2269602-2269631, 2269662-2269663, 2269681-2270079, 2270158-2270175, 2270201-2270207, 2270247-2270271, 2270300-2270303, 2270333-2270335, 2270380-2270399, 2270434-2270463, 2270498-2270527, 2270562-2270591, 2270620-2271231, 2285568-2286367, 2286393-2286399, 2286419-2286431, 2286455-2286463, 2286484-2286495, 2286527, 2286563-2286591, 2286625-2286655, 2286690-2286719, 2286755-2286783, 2286801-2286815, 2286836-2286847, 2286865-2286879, 2286899-2286911, 2286951-2286975, 2287015-2287039, 2287076-2287487, 2287525-2287551, 2287580-2287583, 2287604-2289663
  Free inodes: 565249-573440
Group 70: (Blocks 2293760-2326527) csum 0x000f [INODE_UNINIT, ITABLE_ZEROED]
  Block bitmap at 2097158 (bg #64 + 6), csum 0x91d3d6d7
  Inode bitmap at 2097174 (bg #64 + 22), csum 0x00000000
  Inode table at 2100256-2100767 (bg #64 + 3104)
  1221 free blocks, 8192 free inodes, 0 directories, 8192 unused inodes
  Free blocks: 2300731-2301951
  Free inodes: 573441-581632
Group 71: (Blocks 2326528-2359295) csum 0xa540 [INODE_UNINIT, ITABLE_ZEROED]
  Block bitmap at 2097159 (bg #64 + 7), csum 0x582f26db
  Inode bitmap at 2097175 (bg #64 + 23), csum 0x00000000
  Inode table at 2100768-2101279 (bg #64 + 3616)
  669 free blocks, 8192 free inodes, 0 directories, 8192 unused inodes
  Free blocks: 2329913-2330111, 2330114, 2330116, 2330121-2330126, 2330129-2330213, 2330215-2330225, 2330227-2330228, 2330260-2330623
  Free inodes: 581633-589824
Group 72: (Blocks 2359296-2392063) csum 0xada4 [INODE_UNINIT, ITABLE_ZEROED]
  Block bitmap at 2097160 (bg #64 + 8), csum 0x323c0fd8
  Inode bitmap at 2097176 (bg #64 + 24), csum 0x00000000
  Inode table at 2101280-2101791 (bg #64 + 4128)
  12515 free blocks, 8192 free inodes, 0 directories, 8192 unused inodes
  Free blocks: 2361660-2361663, 2361846-2361855, 2362093-2362111, 2362230-2362239, 2362336-2362367, 2362463-2362495, 2362566-2362623, 2362658-2362687, 2362725-2362751, 2363388-2363391, 2377728-2390015
  Free inodes: 589825-598016
Group 73: (Blocks 2392064-2424831) csum 0xe6d6 [INODE_UNINIT, ITABLE_ZEROED]
  Block bitmap at 2097161 (bg #64 + 9), csum 0x3ddc2092
  Inode bitmap at 2097177 (bg #64 + 25), csum 0x00000000
  Inode table at 2101792-2102303 (bg #64 + 4640)
  6356 free blocks, 8192 free inodes, 0 directories, 8192 unused inodes
  Free blocks: 2392064-2396159, 2400044-2400255, 2402304-2404351
  Free inodes: 598017-606208
Group 74: (Blocks 2424832-2457599) csum 0xa4d4 [INODE_UNINIT, ITABLE_ZEROED]
  Block bitmap at 2097162 (bg #64 + 10), csum 0xcd5be44d
  Inode bitmap at 2097178 (bg #64 + 26), csum 0x00000000
  Inode table at 2102304-2102815 (bg #64 + 5152)
  4018 free blocks, 8192 free inodes, 0 directories, 8192 unused inodes
  Free blocks: 2426910-2426911, 2426930-2426947, 2427338-2427359, 2427387-2427391, 2427427-2427455, 2427479-2427487, 2427516-2427519, 2427583-2427615, 2427641-2427647, 2427728-2427743, 2427772-2427775, 2427856-2427871, 2427900-2427903, 2428120-2428127, 2428146-2428159, 2428312-2428319, 2428337-2428351, 2428396-2428415, 2442273-2442303, 2442344-2442367, 2442486-2442495, 2442703-2442719, 2442738-2442751, 2442788-2442879, 2442969-2443007, 2443249-2443263, 2444331-2444415, 2444497-2444543, 2444752-2444767, 2444785-2444799, 2445262-2445279, 2445301-2445311, 2446849-2446879, 2446898-2446975, 2447068-2447103, 2447177-2447231, 2447314-2447359, 2447827-2447839, 2447859-2447871, 2448246-2448255, 2448330-2448383, 2449430-2449535, 2449613-2449663, 2449748-2449791, 2449869-2449919, 2449993-2450047, 2450123-2450175, 2450250-2450303, 2450380-2450431, 2450515-2450559, 2450652-2450687, 2450770-2450815, 2450890-2450943, 2451022-2451071, 2451160-2451199, 2451290-2451327, 2451408-2451455, 2451529-2451583, 2451664-2451711, 2451875-2451967, 2452041-2452095, 2452172-2452223, 2452300-2452351, 2452430-2452479, 2452586-2452607, 2452682-2452735, 2452810-2452863, 2452940-2452991, 2453065-2453119, 2453198-2453247, 2453349-2453375, 2453467-2453503, 2453590-2453631, 2453701-2453759, 2453831-2453887, 2453961-2454017, 2454019-2454024, 2454026-2454087, 2454089-2454090, 2454093-2454094, 2454096-2454118, 2454120-2454529, 2454532-2454545, 2454556-2454609, 2454626-2454634, 2454644-2454673, 2454676-2454682, 2454691-2454693, 2454712, 2454714-2455039, 2455089-2455124, 2455317-2455551
  Free inodes: 606209-614400
Group 75: (Blocks 2457600-2490367) csum 0x7194 [INODE_UNINIT, ITABLE_ZEROED]
  Block bitmap at 2097163 (bg #64 + 11), csum 0xd55c9e74
  Inode bitmap at 2097179 (bg #64 + 27), csum 0x00000000
  Inode table at 2102816-2103327 (bg #64 + 5664)
  27520 free blocks, 8192 free inodes, 0 directories, 8192 unused inodes
  Free blocks: 2459648-2463743, 2463748-2463753, 2463763-2463775, 2463800-2463807, 2463826-2463839, 2463859-2463871, 2463908-2463935, 2463973-2463999, 2464120-2464127, 2464174-2464191, 2464240-2464255, 2464319, 2464339-2464351, 2464371-2464383, 2464417-2464447, 2464481-2464511, 2464630-2464639, 2464733-2464735, 2464760-2464767, 2466497-2466527, 2466547-2466559, 2466593-2466623, 2466665-2466687, 2466729-2466751, 2466785-2466815, 2466925-2466943, 2466997-2467007, 2467028-2467327, 2467687-2490367
  Free inodes: 614401-622592
Group 76: (Blocks 2490368-2523135) csum 0x3923 [INODE_UNINIT, ITABLE_ZEROED]
  Block bitmap at 2097164 (bg #64 + 12), csum 0x385a4aa1
  Inode bitmap at 2097180 (bg #64 + 28), csum 0x00000000
  Inode table at 2103328-2103839 (bg #64 + 6176)
  32767 free blocks, 8192 free inodes, 0 directories, 8192 unused inodes
  Free blocks: 2490369-2523135
  Free inodes: 622593-630784
Group 77: (Blocks 2523136-2555903) csum 0x39a5 [INODE_UNINIT, BLOCK_UNINIT, ITABLE_ZEROED]
  Block bitmap at 2097165 (bg #64 + 13), csum 0x00000000
  Inode bitmap at 2097181 (bg #64 + 29), csum 0x00000000
  Inode table at 2103840-2104351 (bg #64 + 6688)
  32768 free blocks, 8192 free inodes, 0 directories, 8192 unused inodes
  Free blocks: 2523136-2555903
  Free inodes: 630785-638976
Group 78: (Blocks 2555904-2588671) csum 0x6d29 [INODE_UNINIT, BLOCK_UNINIT, ITABLE_ZEROED]
  Block bitmap at 2097166 (bg #64 + 14), csum 0x00000000
  Inode bitmap at 2097182 (bg #64 + 30), csum 0x00000000
  Inode table at 2104352-2104863 (bg #64 + 7200)
  32768 free blocks, 8192 free inodes, 0 directories, 8192 unused inodes
  Free blocks: 2555904-2588671
  Free inodes: 638977-647168
Group 79: (Blocks 2588672-2621439) csum 0x7302 [INODE_UNINIT, BLOCK_UNINIT, ITABLE_ZEROED]
  Block bitmap at 2097167 (bg #64 + 15), csum 0x00000000
  Inode bitmap at 2097183 (bg #64 + 31), csum 0x00000000
  Inode table at 2104864-2105375 (bg #64 + 7712)
  32768 free blocks, 8192 free inodes, 0 directories, 8192 unused inodes
  Free blocks: 2588672-2621439
  Free inodes: 647169-655360
Group 80: (Blocks 2621440-2654207) csum 0xb00c [ITABLE_ZEROED]
  Block bitmap at 2621440 (+0), csum 0x28d699a8
  Inode bitmap at 2621456 (+16), csum 0x360b1d29
  Inode table at 2621472-2621983 (+32)
  22028 free blocks, 0 free inodes, 1408 directories
  Free blocks: 2632180-2654207
  Free inodes: 
Group 81: (Blocks 2654208-2686975) csum 0x55ee [ITABLE_ZEROED]
  Backup superblock at 2654208, Group descriptors at 2654209-2654211
  Reserved GDT blocks at 2654212-2655235
  Block bitmap at 2621441 (bg #80 + 1), csum 0x47c74365
  Inode bitmap at 2621457 (bg #80 + 17), csum 0xece79d4b
  Inode table at 2621984-2622495 (bg #80 + 544)
  0 free blocks, 892 free inodes, 696 directories
  Free blocks: 
  Free inodes: 668562-669440, 669834, 669838-669839, 669844-669846, 669849-669850, 670062, 670066, 670888-670890
Group 82: (Blocks 2686976-2719743) csum 0x820b [ITABLE_ZEROED]
  Block bitmap at 2621442 (bg #80 + 2), csum 0xdd094aaa
  Inode bitmap at 2621458 (bg #80 + 18), csum 0x10da4ef0
  Inode table at 2622496-2623007 (bg #80 + 1056)
  31735 free blocks, 5928 free inodes, 89 directories, 4704 unused inodes
  Free blocks: 2688009-2719743
  Free inodes: 674009-679936
Group 83: (Blocks 2719744-2752511) csum 0x0f24 [INODE_UNINIT, ITABLE_ZEROED]
  Block bitmap at 2621443 (bg #80 + 3), csum 0x6f1fd5f2
  Inode bitmap at 2621459 (bg #80 + 19), csum 0x00000000
  Inode table at 2623008-2623519 (bg #80 + 1568)
  3961 free blocks, 8192 free inodes, 0 directories, 8192 unused inodes
